Archive member included because of file (symbol)

libbb/lib.a(appletlib.o)      /opt/sparc-linux-3.4.4/lib/gcc/sparc-linux/3.4.4/../../../../sparc-linux/lib/soft/v8/crt1.o (main)
libbb/lib.a(bb_basename.o)    libbb/lib.a(appletlib.o) (bb_basename)
libbb/lib.a(concat_path_file.o)
                              libbb/lib.a(appletlib.o) (concat_path_file)
libbb/lib.a(default_error_retval.o)
                              libbb/lib.a(appletlib.o) (xfunc_error_retval)
libbb/lib.a(error_msg_and_die.o)
                              libbb/lib.a(appletlib.o) (xfunc_die)
libbb/lib.a(get_last_path_component.o)
                              libbb/lib.a(appletlib.o) (bb_get_last_path_component_nostrip)
libbb/lib.a(last_char_is.o)   libbb/lib.a(concat_path_file.o) (last_char_is)
libbb/lib.a(messages.o)       libbb/lib.a(appletlib.o) (bb_busybox_exec_path)
libbb/lib.a(perror_msg.o)     libbb/lib.a(appletlib.o) (bb_simple_perror_msg)
libbb/lib.a(verror_msg.o)     libbb/lib.a(error_msg_and_die.o) (bb_verror_msg)
libbb/lib.a(xfuncs.o)         libbb/lib.a(appletlib.o) (malloc_or_warn)
libbb/lib.a(xreadlink.o)      libbb/lib.a(appletlib.o) (xmalloc_readlink)
libbb/lib.a(copyfd.o)         libbb/lib.a(xfuncs.o) (bb_copyfd_eof)
libbb/lib.a(error_msg.o)      libbb/lib.a(xfuncs.o) (bb_error_msg)
libbb/lib.a(full_write.o)     libbb/lib.a(verror_msg.o) (full_write)
libbb/lib.a(perror_msg_and_die.o)
                              libbb/lib.a(xfuncs.o) (bb_perror_msg_and_die)
libbb/lib.a(read.o)           libbb/lib.a(xfuncs.o) (safe_read)
libbb/lib.a(safe_write.o)     libbb/lib.a(full_write.o) (safe_write)
loginutils/lib.a(addgroup.o)  libbb/lib.a(appletlib.o) (addgroup_main)
loginutils/lib.a(adduser.o)   libbb/lib.a(appletlib.o) (adduser_main)
loginutils/lib.a(chpasswd.o)  libbb/lib.a(appletlib.o) (chpasswd_main)
loginutils/lib.a(cryptpw.o)   libbb/lib.a(appletlib.o) (cryptpw_main)
loginutils/lib.a(deluser.o)   libbb/lib.a(appletlib.o) (deluser_main)
loginutils/lib.a(getty.o)     libbb/lib.a(appletlib.o) (getty_main)
loginutils/lib.a(login.o)     libbb/lib.a(appletlib.o) (login_main)
loginutils/lib.a(passwd.o)    libbb/lib.a(appletlib.o) (passwd_main)
loginutils/lib.a(su.o)        libbb/lib.a(appletlib.o) (su_main)
loginutils/lib.a(sulogin.o)   libbb/lib.a(appletlib.o) (sulogin_main)
loginutils/lib.a(vlock.o)     libbb/lib.a(appletlib.o) (vlock_main)
miscutils/lib.a(adjtimex.o)   libbb/lib.a(appletlib.o) (adjtimex_main)
miscutils/lib.a(chrt.o)       libbb/lib.a(appletlib.o) (chrt_main)
miscutils/lib.a(crond.o)      libbb/lib.a(appletlib.o) (crond_main)
miscutils/lib.a(crontab.o)    libbb/lib.a(appletlib.o) (crontab_main)
miscutils/lib.a(dc.o)         libbb/lib.a(appletlib.o) (dc_main)
miscutils/lib.a(eject.o)      libbb/lib.a(appletlib.o) (eject_main)
miscutils/lib.a(hdparm.o)     libbb/lib.a(appletlib.o) (hdparm_main)
miscutils/lib.a(last.o)       libbb/lib.a(appletlib.o) (last_main)
miscutils/lib.a(less.o)       libbb/lib.a(appletlib.o) (less_main)
miscutils/lib.a(makedevs.o)   libbb/lib.a(appletlib.o) (makedevs_main)
miscutils/lib.a(microcom.o)   libbb/lib.a(appletlib.o) (microcom_main)
miscutils/lib.a(mountpoint.o)
                              libbb/lib.a(appletlib.o) (mountpoint_main)
miscutils/lib.a(mt.o)         libbb/lib.a(appletlib.o) (mt_main)
miscutils/lib.a(raidautorun.o)
                              libbb/lib.a(appletlib.o) (raidautorun_main)
miscutils/lib.a(readahead.o)  libbb/lib.a(appletlib.o) (readahead_main)
miscutils/lib.a(runlevel.o)   libbb/lib.a(appletlib.o) (runlevel_main)
miscutils/lib.a(rx.o)         libbb/lib.a(appletlib.o) (rx_main)
miscutils/lib.a(setsid.o)     libbb/lib.a(appletlib.o) (setsid_main)
miscutils/lib.a(strings.o)    libbb/lib.a(appletlib.o) (strings_main)
miscutils/lib.a(time.o)       libbb/lib.a(appletlib.o) (time_main)
miscutils/lib.a(ttysize.o)    libbb/lib.a(appletlib.o) (ttysize_main)
miscutils/lib.a(watchdog.o)   libbb/lib.a(appletlib.o) (watchdog_main)
modutils/lib.a(lsmod.o)       libbb/lib.a(appletlib.o) (lsmod_main)
modutils/lib.a(modprobe.o)    libbb/lib.a(appletlib.o) (modprobe_main)
networking/lib.a(arp.o)       libbb/lib.a(appletlib.o) (arp_main)
networking/lib.a(arping.o)    libbb/lib.a(appletlib.o) (arping_main)
networking/lib.a(dnsd.o)      libbb/lib.a(appletlib.o) (dnsd_main)
networking/lib.a(ether-wake.o)
                              libbb/lib.a(appletlib.o) (ether_wake_main)
networking/lib.a(ftpgetput.o)
                              libbb/lib.a(appletlib.o) (ftpgetput_main)
networking/lib.a(hostname.o)  libbb/lib.a(appletlib.o) (hostname_main)
networking/lib.a(httpd.o)     libbb/lib.a(appletlib.o) (httpd_main)
networking/lib.a(ifconfig.o)  libbb/lib.a(appletlib.o) (ifconfig_main)
networking/lib.a(ifupdown.o)  libbb/lib.a(appletlib.o) (ifupdown_main)
networking/lib.a(inetd.o)     libbb/lib.a(appletlib.o) (inetd_main)
networking/lib.a(interface.o)
                              networking/lib.a(arp.o) (get_aftype)
[...]
Memory Configuration

Name             Origin             Length             Attributes
*default*        0x0000000000000000 0xffffffffffffffff

Linker script and memory map

LOAD /opt/sparc-linux-3.4.4/lib/gcc/sparc-linux/3.4.4/../../../../sparc-linux/lib/soft/v8/crt1.o
LOAD /opt/sparc-linux-3.4.4/lib/gcc/sparc-linux/3.4.4/soft/v8/crti.o
LOAD /opt/sparc-linux-3.4.4/lib/gcc/sparc-linux/3.4.4/soft/v8/crtbegin.o
START GROUP
LOAD applets/built-in.o
LOAD archival/lib.a
LOAD archival/libunarchive/lib.a
LOAD console-tools/lib.a
LOAD coreutils/lib.a
LOAD coreutils/libcoreutils/lib.a
LOAD debianutils/lib.a
LOAD e2fsprogs/lib.a
LOAD editors/lib.a
LOAD findutils/lib.a
LOAD init/lib.a
LOAD ipsvd/lib.a
LOAD libbb/lib.a
LOAD libpwdgrp/lib.a
LOAD loginutils/lib.a
LOAD miscutils/lib.a
LOAD modutils/lib.a
LOAD networking/lib.a
LOAD networking/libiproute/lib.a
LOAD networking/udhcp/lib.a
LOAD procps/lib.a
LOAD runit/lib.a
LOAD selinux/lib.a
LOAD shell/lib.a
LOAD sysklogd/lib.a
LOAD util-linux/lib.a
LOAD archival/built-in.o
LOAD archival/libunarchive/built-in.o
LOAD console-tools/built-in.o
LOAD coreutils/built-in.o
LOAD coreutils/libcoreutils/built-in.o
LOAD debianutils/built-in.o
LOAD e2fsprogs/built-in.o
LOAD editors/built-in.o
LOAD findutils/built-in.o
LOAD init/built-in.o
LOAD ipsvd/built-in.o
LOAD libbb/built-in.o
LOAD libpwdgrp/built-in.o
LOAD loginutils/built-in.o
LOAD miscutils/built-in.o
LOAD modutils/built-in.o
LOAD networking/built-in.o
LOAD networking/libiproute/built-in.o
LOAD networking/udhcp/built-in.o
LOAD procps/built-in.o
LOAD runit/built-in.o
LOAD selinux/built-in.o
LOAD shell/built-in.o
LOAD sysklogd/built-in.o
LOAD util-linux/built-in.o
END GROUP
START GROUP
LOAD /opt/sparc-linux-3.4.4/lib/gcc/sparc-linux/3.4.4/../../../../sparc-linux/lib/soft/v8/libcrypt.so
LOAD /opt/sparc-linux-3.4.4/lib/gcc/sparc-linux/3.4.4/../../../../sparc-linux/lib/soft/v8/libm.so
END GROUP
LOAD /opt/sparc-linux-3.4.4/lib/gcc/sparc-linux/3.4.4/soft/v8/libgcc.a
LOAD /opt/sparc-linux-3.4.4/lib/gcc/sparc-linux/3.4.4/../../../../sparc-linux/lib/libgcc_s_soft_v8.so
LOAD /opt/sparc-linux-3.4.4/lib/gcc/sparc-linux/3.4.4/../../../../sparc-linux/lib/soft/v8/libc.so
START GROUP
LOAD /opt/sparc-linux-3.4.4/sparc-linux/lib/soft/v8/libc.so.6
LOAD /opt/sparc-linux-3.4.4/sparc-linux/lib/soft/v8/libc_nonshared.a
LOAD /opt/sparc-linux-3.4.4/sparc-linux/lib/soft/v8/ld-linux.so.2
END GROUP
LOAD /opt/sparc-linux-3.4.4/lib/gcc/sparc-linux/3.4.4/soft/v8/libgcc.a
LOAD /opt/sparc-linux-3.4.4/lib/gcc/sparc-linux/3.4.4/../../../../sparc-linux/lib/libgcc_s_soft_v8.so
LOAD /opt/sparc-linux-3.4.4/lib/gcc/sparc-linux/3.4.4/soft/v8/crtend.o
LOAD /opt/sparc-linux-3.4.4/lib/gcc/sparc-linux/3.4.4/soft/v8/crtn.o
                0x0000000000010000                PROVIDE (__executable_start, 0x10000)
                0x0000000000010114                . = (0x10000 + SIZEOF_HEADERS)

.interp         0x0000000000010114       0x13
 *(SORT(.interp))
 .interp        0x0000000000010114       0x13 /opt/sparc-linux-3.4.4/lib/gcc/sparc-linux/3.4.4/../../../../sparc-linux/lib/soft/v8/crt1.o

.hash           0x0000000000010128      0xa28
 *(SORT(.hash))
 .hash          0x0000000000010128      0xa28 /opt/sparc-linux-3.4.4/lib/gcc/sparc-linux/3.4.4/../../../../sparc-linux/lib/soft/v8/crt1.o

.dynsym         0x0000000000010b50     0x1810
 *(SORT(.dynsym))
 .dynsym        0x0000000000010b50     0x1810 /opt/sparc-linux-3.4.4/lib/gcc/sparc-linux/3.4.4/../../../../sparc-linux/lib/soft/v8/crt1.o

.dynstr         0x0000000000012360      0xcf0
 *(SORT(.dynstr))
 .dynstr        0x0000000000012360      0xcf0 /opt/sparc-linux-3.4.4/lib/gcc/sparc-linux/3.4.4/../../../../sparc-linux/lib/soft/v8/crt1.o

.gnu.version    0x0000000000013050      0x302
 *(SORT(.gnu.version))
 .gnu.version   0x0000000000013050      0x302 /opt/sparc-linux-3.4.4/lib/gcc/sparc-linux/3.4.4/../../../../sparc-linux/lib/soft/v8/crt1.o

.gnu.version_d
 *(SORT(.gnu.version_d))

.gnu.version_r  0x0000000000013354       0xf0
 *(SORT(.gnu.version_r))
 .gnu.version_r
                0x0000000000013354       0xf0 /opt/sparc-linux-3.4.4/lib/gcc/sparc-linux/3.4.4/../../../../sparc-linux/lib/soft/v8/crt1.o

.rel.dyn
 *(SORT(.rel.init))
 *(SORT(.rel.text) .rel.text.* .rel.gnu.linkonce.t.*)
 *(SORT(.rel.fini))
 *(SORT(.rel.rodata) .rel.rodata.* .rel.gnu.linkonce.r.*)
 *(SORT(.rel.data.rel.ro*))
 *(SORT(.rel.data) .rel.data.* .rel.gnu.linkonce.d.*)
 *(SORT(.rel.tdata) .rel.tdata.* .rel.gnu.linkonce.td.*)
 *(SORT(.rel.tbss) .rel.tbss.* .rel.gnu.linkonce.tb.*)
 *(SORT(.rel.ctors))
 *(SORT(.rel.dtors))
 *(SORT(.rel.got))
 *(SORT(.rel.bss) .rel.bss.* .rel.gnu.linkonce.b.*)

.rela.dyn       0x0000000000013444       0x84
 *(SORT(.rela.init))
 *(SORT(.rela.text) .rela.text.* .rela.gnu.linkonce.t.*)
 *(SORT(.rela.fini))
 *(SORT(.rela.rodata) .rela.rodata.* .rela.gnu.linkonce.r.*)
 *(SORT(.rela.data) .rela.data.* .rela.gnu.linkonce.d.*)
 *(SORT(.rela.tdata) .rela.tdata.* .rela.gnu.linkonce.td.*)
 *(SORT(.rela.tbss) .rela.tbss.* .rela.gnu.linkonce.tb.*)
 *(SORT(.rela.ctors))
 *(SORT(.rela.dtors))
 *(SORT(.rela.got))
 .rela.got      0x0000000000013444       0x18 /opt/sparc-linux-3.4.4/lib/gcc/sparc-linux/3.4.4/../../../../sparc-linux/lib/soft/v8/crt1.o
 *(SORT(.rela.bss) .rela.bss.* .rela.gnu.linkonce.b.*)
 .rela.bss      0x000000000001345c       0x6c /opt/sparc-linux-3.4.4/lib/gcc/sparc-linux/3.4.4/../../../../sparc-linux/lib/soft/v8/crt1.o

.rel.plt
 *(SORT(.rel.plt))

.rela.plt       0x00000000000134c8     0x1134
 *(SORT(.rela.plt))
 .rela.plt      0x00000000000134c8     0x1134 /opt/sparc-linux-3.4.4/lib/gcc/sparc-linux/3.4.4/../../../../sparc-linux/lib/soft/v8/crt1.o

.init           0x00000000000145fc       0x1c
 *(SORT(.init))
 .init          0x00000000000145fc        0x4 /opt/sparc-linux-3.4.4/lib/gcc/sparc-linux/3.4.4/soft/v8/crti.o
                0x00000000000145fc                _init
 .init          0x0000000000014600        0x8 /opt/sparc-linux-3.4.4/lib/gcc/sparc-linux/3.4.4/soft/v8/crtn.o
 .init          0x0000000000014608        0x8 /opt/sparc-linux-3.4.4/lib/gcc/sparc-linux/3.4.4/soft/v8/crtbegin.o
 .init          0x0000000000014610        0x8 /opt/sparc-linux-3.4.4/lib/gcc/sparc-linux/3.4.4/soft/v8/crtend.o

.text           0x0000000000014618    0x8e414
 *(SORT(.text) .stub .text.* .gnu.linkonce.t.*)
 .text          0x0000000000014618       0x38 /opt/sparc-linux-3.4.4/lib/gcc/sparc-linux/3.4.4/../../../../sparc-linux/lib/soft/v8/crt1.o
                0x0000000000014618                _start
 .text          0x0000000000014650       0xa4 /opt/sparc-linux-3.4.4/lib/gcc/sparc-linux/3.4.4/soft/v8/crtbegin.o
 .text.applet_name_compare
                0x00000000000146f4       0x14 libbb/lib.a(appletlib.o)
 .text.find_applet_by_name
                0x0000000000014708       0x28 libbb/lib.a(appletlib.o)
                0x0000000000014708                find_applet_by_name
 .text.bb_show_usage
                0x0000000000014730      0x10c libbb/lib.a(appletlib.o)
                0x0000000000014730                bb_show_usage
 .text.lbb_prepare
                0x000000000001483c       0x44 libbb/lib.a(appletlib.o)
                0x000000000001483c                lbb_prepare
 .text.run_appletstruct_and_exit
                0x0000000000014880       0xf4 libbb/lib.a(appletlib.o)
                0x0000000000014880                run_appletstruct_and_exit
 .text.run_applet_and_exit
                0x0000000000014974      0x28c libbb/lib.a(appletlib.o)
                0x0000000000014974                run_applet_and_exit
 .text.main     0x0000000000014c00       0x68 libbb/lib.a(appletlib.o)
                0x0000000000014c00                main
 .text.bb_basename
                0x0000000000014c68       0x2c libbb/lib.a(bb_basename.o)
                0x0000000000014c68                bb_basename
 .text.concat_path_file
                0x0000000000014c94       0x68 libbb/lib.a(concat_path_file.o)
                0x0000000000014c94                concat_path_file
 .text.xfunc_die
                0x0000000000014cfc       0x50 libbb/lib.a(error_msg_and_die.o)
                0x0000000000014cfc                xfunc_die
 .text.bb_error_msg_and_die
                0x0000000000014d4c       0x34 libbb/lib.a(error_msg_and_die.o)
                0x0000000000014d4c                bb_error_msg_and_die
 .text.bb_get_last_path_component_nostrip
                0x0000000000014d80       0x44 libbb/lib.a(get_last_path_component.o)
                0x0000000000014d80                bb_get_last_path_component_nostrip
 .text.bb_get_last_path_component_strip
                0x0000000000014dc4       0x5c libbb/lib.a(get_last_path_component.o)
                0x0000000000014dc4                bb_get_last_path_component_strip
 .text.last_char_is
                0x0000000000014e20       0x4c libbb/lib.a(last_char_is.o)
                0x0000000000014e20                last_char_is
 .text.bb_perror_msg
                0x0000000000014e6c       0x54 libbb/lib.a(perror_msg.o)
                0x0000000000014e6c                bb_perror_msg
 .text.bb_simple_perror_msg
                0x0000000000014ec0       0x1c libbb/lib.a(perror_msg.o)
                0x0000000000014ec0                bb_simple_perror_msg
 .text.bb_verror_msg
                0x0000000000014edc      0x178 libbb/lib.a(verror_msg.o)
                0x0000000000014edc                bb_verror_msg
 .text.malloc_or_warn
                0x0000000000015054       0x40 libbb/lib.a(xfuncs.o)
                0x0000000000015054                malloc_or_warn
 .text.xmalloc  0x0000000000015094       0x3c libbb/lib.a(xfuncs.o)
                0x0000000000015094                xmalloc
 .text.xrealloc
                0x00000000000150d0       0x40 libbb/lib.a(xfuncs.o)
                0x00000000000150d0                xrealloc
 .text.xzalloc  0x0000000000015110       0x28 libbb/lib.a(xfuncs.o)
                0x0000000000015110                xzalloc
 .text.xstrdup  0x0000000000015138       0x38 libbb/lib.a(xfuncs.o)
                0x0000000000015138                xstrdup
 .text.xstrndup
                0x0000000000015170       0x54 libbb/lib.a(xfuncs.o)
                0x0000000000015170                xstrndup
 .text.xfopen   0x00000000000151c4       0x34 libbb/lib.a(xfuncs.o)
                0x00000000000151c4                xfopen
 .text.xopen3   0x00000000000151f8       0x38 libbb/lib.a(xfuncs.o)
                0x00000000000151f8                xopen3
 .text.xopen    0x0000000000015230       0x14 libbb/lib.a(xfuncs.o)
                0x0000000000015230                xopen
 .text.open3_or_warn
                0x0000000000015244       0x3c libbb/lib.a(xfuncs.o)
                0x0000000000015244                open3_or_warn
 .text.open_or_warn
                0x0000000000015280       0x14 libbb/lib.a(xfuncs.o)
                0x0000000000015280                open_or_warn
 .text.xpipe    0x0000000000015294       0x2c libbb/lib.a(xfuncs.o)
                0x0000000000015294                xpipe
 .text.xunlink  0x00000000000152c0       0x30 libbb/lib.a(xfuncs.o)
                0x00000000000152c0                xunlink
 .text.ndelay_on
                0x00000000000152f0       0x24 libbb/lib.a(xfuncs.o)
                0x00000000000152f0                ndelay_on
 .text.close_on_exec_on
                0x0000000000015314       0x18 libbb/lib.a(xfuncs.o)
                0x0000000000015314                close_on_exec_on
 .text.ndelay_off
                0x000000000001532c       0x24 libbb/lib.a(xfuncs.o)
                0x000000000001532c                ndelay_off
 .text.xdup2    0x0000000000015350       0x30 libbb/lib.a(xfuncs.o)
                0x0000000000015350                xdup2
 .text.xmove_fd
                0x0000000000015380       0x30 libbb/lib.a(xfuncs.o)
                0x0000000000015380                xmove_fd
 .text.xwrite   0x00000000000153b0       0x3c libbb/lib.a(xfuncs.o)
                0x00000000000153b0                xwrite
 .text.xlseek   0x00000000000153ec       0x5c libbb/lib.a(xfuncs.o)
                0x00000000000153ec                xlseek
 .text.die_if_ferror
                0x0000000000015448       0x30 libbb/lib.a(xfuncs.o)
                0x0000000000015448                die_if_ferror
 .text.die_if_ferror_stdout
                0x0000000000015478       0x20 libbb/lib.a(xfuncs.o)
                0x0000000000015478                die_if_ferror_stdout
 .text.xfflush_stdout
                0x0000000000015498       0x30 libbb/lib.a(xfuncs.o)
                0x0000000000015498                xfflush_stdout
 .text.sig_block
                0x00000000000154c8       0x38 libbb/lib.a(xfuncs.o)
                0x00000000000154c8                sig_block
 .text.sig_unblock
                0x0000000000015500       0x38 libbb/lib.a(xfuncs.o)
                0x0000000000015500                sig_unblock
 .text.sig_catch
                0x0000000000015538       0x30 libbb/lib.a(xfuncs.o)
                0x0000000000015538                sig_catch
 .text.sig_pause
                0x0000000000015568       0x24 libbb/lib.a(xfuncs.o)
                0x0000000000015568                sig_pause
 .text.xsetenv  0x000000000001558c       0x34 libbb/lib.a(xfuncs.o)
                0x000000000001558c                xsetenv
 .text.smart_ulltoa5
                0x00000000000155c0      0x220 libbb/lib.a(xfuncs.o)
                0x00000000000155c0                smart_ulltoa5
 .text.utoa_to_buf
                0x00000000000157e0       0x9c libbb/lib.a(xfuncs.o)
                0x00000000000157e0                utoa_to_buf
 .text.itoa_to_buf
                0x000000000001587c       0x38 libbb/lib.a(xfuncs.o)
                0x000000000001587c                itoa_to_buf
 .text.utoa     0x00000000000158b4       0x24 libbb/lib.a(xfuncs.o)
                0x00000000000158b4                utoa
 .text.itoa     0x00000000000158d8       0x24 libbb/lib.a(xfuncs.o)
                0x00000000000158d8                itoa
 .text.bin2hex  0x00000000000158fc       0x50 libbb/lib.a(xfuncs.o)
                0x00000000000158fc                bin2hex
 .text.xsetgid  0x000000000001594c       0x2c libbb/lib.a(xfuncs.o)
                0x000000000001594c                xsetgid
 .text.xsetuid  0x0000000000015978       0x2c libbb/lib.a(xfuncs.o)
                0x0000000000015978                xsetuid
 .text.fdlength
                0x00000000000159a4      0x17c libbb/lib.a(xfuncs.o)
                0x00000000000159a4                fdlength
 .text.bb_putchar
                0x0000000000015b20       0x18 libbb/lib.a(xfuncs.o)
                0x0000000000015b20                bb_putchar
 .text.xasprintf
                0x0000000000015b38       0x48 libbb/lib.a(xfuncs.o)
                0x0000000000015b38                xasprintf
 .text.xprint_and_close_file
                0x0000000000015b80       0x48 libbb/lib.a(xfuncs.o)
                0x0000000000015b80                xprint_and_close_file
 .text.xchdir   0x0000000000015bc8       0x30 libbb/lib.a(xfuncs.o)
                0x0000000000015bc8                xchdir
 .text.warn_opendir
                0x0000000000015bf8       0x34 libbb/lib.a(xfuncs.o)
                0x0000000000015bf8                warn_opendir
 .text.xopendir
                0x0000000000015c2c       0x30 libbb/lib.a(xfuncs.o)
                0x0000000000015c2c                xopendir
 .text.xsocket  0x0000000000015c5c       0x34 libbb/lib.a(xfuncs.o)
                0x0000000000015c5c                xsocket
 .text.xbind    0x0000000000015c90       0x34 libbb/lib.a(xfuncs.o)
                0x0000000000015c90                xbind
 .text.xlisten  0x0000000000015cc4       0x30 libbb/lib.a(xfuncs.o)
                0x0000000000015cc4                xlisten
 .text.xsendto  0x0000000000015cf4       0x40 libbb/lib.a(xfuncs.o)
                0x0000000000015cf4                xsendto
 .text.xstat    0x0000000000015d34       0x38 libbb/lib.a(xfuncs.o)
                0x0000000000015d34                xstat
 .text.get_terminal_width_height
                0x0000000000015d6c      0x108 libbb/lib.a(xfuncs.o)
                0x0000000000015d6c                get_terminal_width_height
 .text.ioctl_or_perror_and_die
                0x0000000000015e74       0x58 libbb/lib.a(xfuncs.o)
                0x0000000000015e74                ioctl_or_perror_and_die
 .text.ioctl_or_perror
                0x0000000000015ecc       0x4c libbb/lib.a(xfuncs.o)
                0x0000000000015ecc                ioctl_or_perror
 .text.bb_ioctl_or_warn
                0x0000000000015f18       0x34 libbb/lib.a(xfuncs.o)
                0x0000000000015f18                bb_ioctl_or_warn
 .text.bb_xioctl
                0x0000000000015f4c       0x34 libbb/lib.a(xfuncs.o)
                0x0000000000015f4c                bb_xioctl
 .text.xmalloc_readlink
                0x0000000000015f80       0x6c libbb/lib.a(xreadlink.o)
                0x0000000000015f80                xmalloc_readlink
 .text.xmalloc_readlink_or_warn
                0x0000000000015fec       0x34 libbb/lib.a(xreadlink.o)
                0x0000000000015fec                xmalloc_readlink_or_warn
 .text.bb_full_fd_action
                0x0000000000016020      0x128 libbb/lib.a(copyfd.o)
 .text.bb_copyfd_size
                0x0000000000016148       0x20 libbb/lib.a(copyfd.o)
                0x0000000000016148                bb_copyfd_size
 .text.bb_copyfd_exact_size
                0x0000000000016168       0x60 libbb/lib.a(copyfd.o)
                0x0000000000016168                bb_copyfd_exact_size
 .text.bb_copyfd_eof
                0x00000000000161c8       0x18 libbb/lib.a(copyfd.o)
                0x00000000000161c8                bb_copyfd_eof
 .text.bb_error_msg
                0x00000000000161e0       0x34 libbb/lib.a(error_msg.o)
                0x00000000000161e0                bb_error_msg
 .text.full_write
                0x0000000000016214       0x4c libbb/lib.a(full_write.o)
                0x0000000000016214                full_write
 .text.bb_perror_msg_and_die
                0x0000000000016260       0x54 libbb/lib.a(perror_msg_and_die.o)
                0x0000000000016260                bb_perror_msg_and_die
 .text.bb_simple_perror_msg_and_die
                0x00000000000162b4       0x18 libbb/lib.a(perror_msg_and_die.o)
                0x00000000000162b4                bb_simple_perror_msg_and_die
 .text.safe_read
                0x00000000000162cc       0x3c libbb/lib.a(read.o)
                0x00000000000162cc                safe_read
 .text.full_read
                0x0000000000016308       0x54 libbb/lib.a(read.o)
                0x0000000000016308                full_read
 .text.xread    0x000000000001635c       0x3c libbb/lib.a(read.o)
                0x000000000001635c                xread
 .text.xread_char
                0x0000000000016398       0x20 libbb/lib.a(read.o)
                0x0000000000016398                xread_char
 .text.reads    0x00000000000163b8       0xac libbb/lib.a(read.o)
                0x00000000000163b8                reads
 .text.xmalloc_reads
                0x0000000000016464       0xa8 libbb/lib.a(read.o)
                0x0000000000016464                xmalloc_reads
 .text.read_close
                0x000000000001650c       0x2c libbb/lib.a(read.o)
                0x000000000001650c                read_close
 .text.open_read_close
                0x0000000000016538       0x2c libbb/lib.a(read.o)
                0x0000000000016538                open_read_close
 .text.xmalloc_open_read_close
                0x0000000000016564       0xe0 libbb/lib.a(read.o)
                0x0000000000016564                xmalloc_open_read_close
 .text.safe_write
                0x0000000000016644       0x3c libbb/lib.a(safe_write.o)
                0x0000000000016644                safe_write
 .text.add_user_to_group
                0x0000000000016680      0x10c loginutils/lib.a(addgroup.o)
 .text.addgroup_main
                0x000000000001678c      0x20c loginutils/lib.a(addgroup.o)
                0x000000000001678c                addgroup_main
 .text.adduser_main
                0x0000000000016998      0x320 loginutils/lib.a(adduser.o)
                0x0000000000016998                adduser_main
 .text.chpasswd_main
                0x0000000000016cb8      0x178 loginutils/lib.a(chpasswd.o)
                0x0000000000016cb8                chpasswd_main
 .text.cryptpw_main
                0x0000000000016e30       0xa4 loginutils/lib.a(cryptpw.o)
                0x0000000000016e30                cryptpw_main
 .text.del_line_matching
                0x0000000000016ed4      0x210 loginutils/lib.a(deluser.o)
 .text.deluser_main
                0x00000000000170e4       0xe8 loginutils/lib.a(deluser.o)
                0x00000000000170e4                deluser_main
 .text.bcode    0x00000000000171cc       0x48 loginutils/lib.a(getty.o)
 .text.parse_speeds
                0x0000000000017214       0x9c loginutils/lib.a(getty.o)
 .text.getty_main
                0x00000000000172b0      0xb68 loginutils/lib.a(getty.o)
                0x00000000000172b0                getty_main
 .text.alarm_handler
                0x0000000000017e18       0x30 loginutils/lib.a(login.o)
 .text.login_main
                0x0000000000017e48      0x7ec loginutils/lib.a(login.o)
                0x0000000000017e48                login_main
 .text.nuke_str
                0x0000000000018634       0x30 loginutils/lib.a(passwd.o)
 .text.passwd_main
                0x0000000000018664      0x4f0 loginutils/lib.a(passwd.o)
                0x0000000000018664                passwd_main
 .text.su_main  0x0000000000018b54      0x274 loginutils/lib.a(su.o)
                0x0000000000018b54                su_main
 .text.sulogin_main
                0x0000000000018dc8      0x270 loginutils/lib.a(sulogin.o)
                0x0000000000018dc8                sulogin_main
 .text.release_vt
                0x0000000000019038       0x2c loginutils/lib.a(vlock.o)
 .text.acquire_vt
                0x0000000000019064       0x20 loginutils/lib.a(vlock.o)
 .text.vlock_main
                0x0000000000019084      0x2a8 loginutils/lib.a(vlock.o)
                0x0000000000019084                vlock_main
 .text.adjtimex_main
                0x000000000001932c      0x218 miscutils/lib.a(adjtimex.o)
                0x000000000001932c                adjtimex_main
 .text.show_min_max
                0x0000000000019544       0x6c miscutils/lib.a(chrt.o)
 .text.chrt_main
                0x00000000000195b0      0x210 miscutils/lib.a(chrt.o)
                0x00000000000195b0                chrt_main
 .text.crondlog
                0x00000000000197c0       0xd4 miscutils/lib.a(crond.o)
 .text.ParseField
                0x0000000000019894      0x2e8 miscutils/lib.a(crond.o)
 .text.DeleteFile
                0x0000000000019b7c       0xd4 miscutils/lib.a(crond.o)
 .text.SynchronizeFile
                0x0000000000019c50      0x2cc miscutils/lib.a(crond.o)
 .text.SynchronizeDir
                0x0000000000019f1c      0x10c miscutils/lib.a(crond.o)
 .text.ForkJob  0x000000000001a028      0x218 miscutils/lib.a(crond.o)
 .text.crond_main
                0x000000000001a240      0x6cc miscutils/lib.a(crond.o)
                0x000000000001a240                crond_main
 .text.ChangeUser
                0x000000000001a90c       0xbc miscutils/lib.a(crontab.o)
 .text.crontab_main
                0x000000000001a9c8      0x724 miscutils/lib.a(crontab.o)
                0x000000000001a9c8                crontab_main
 .text.push     0x000000000001b0ec       0x40 miscutils/lib.a(dc.o)
 .text.pop      0x000000000001b12c       0x44 miscutils/lib.a(dc.o)
 .text.add      0x000000000001b170       0x3c miscutils/lib.a(dc.o)
 .text.sub      0x000000000001b1ac       0x34 miscutils/lib.a(dc.o)
 .text.mul      0x000000000001b1e0       0x3c miscutils/lib.a(dc.o)
 .text.power    0x000000000001b21c       0x34 miscutils/lib.a(dc.o)
 .text.divide   0x000000000001b250       0x34 miscutils/lib.a(dc.o)
 .text.mod      0x000000000001b284       0x7c miscutils/lib.a(dc.o)
 .text.and      0x000000000001b300       0x64 miscutils/lib.a(dc.o)
 .text.or       0x000000000001b364       0x64 miscutils/lib.a(dc.o)
 .text.eor      0x000000000001b3c8       0x64 miscutils/lib.a(dc.o)
 .text.not      0x000000000001b42c       0x54 miscutils/lib.a(dc.o)
 .text.set_output_base
                0x000000000001b480       0x64 miscutils/lib.a(dc.o)
 .text.print_base
                0x000000000001b4e4       0x54 miscutils/lib.a(dc.o)
 .text.print_stack_no_pop
                0x000000000001b538       0x44 miscutils/lib.a(dc.o)
 .text.print_no_pop
                0x000000000001b57c       0x2c miscutils/lib.a(dc.o)
 .text.stack_machine
                0x000000000001b5a8       0x90 miscutils/lib.a(dc.o)
 .text.get_token
                0x000000000001b638       0x34 miscutils/lib.a(dc.o)
 .text.dc_main  0x000000000001b66c       0xc4 miscutils/lib.a(dc.o)
                0x000000000001b66c                dc_main
 .text.eject_main
                0x000000000001b730       0xb4 miscutils/lib.a(eject.o)
                0x000000000001b730                eject_main
 .text.ioctl_alt_func
                0x000000000001b7e4       0x44 miscutils/lib.a(hdparm.o)
 .text.on_off   0x000000000001b828       0x28 miscutils/lib.a(hdparm.o)
 .text.print_flag_on_off
                0x000000000001b850       0x3c miscutils/lib.a(hdparm.o)
 .text.print_value_on_off
                0x000000000001b88c       0x2c miscutils/lib.a(hdparm.o)
 .text.xprint_ascii
                0x000000000001b8b8       0x98 miscutils/lib.a(hdparm.o)
 .text.mode_loop
                0x000000000001b950       0xa4 miscutils/lib.a(hdparm.o)
 .text.identify
                0x000000000001b9f4     0x1878 miscutils/lib.a(hdparm.o)
 .text.flush_buffer_cache
                0x000000000001d26c       0x78 miscutils/lib.a(hdparm.o)
 .text.seek_to_zero
                0x000000000001d2e4       0x20 miscutils/lib.a(hdparm.o)
 .text.read_big_block
                0x000000000001d304       0x44 miscutils/lib.a(hdparm.o)
 .text.do_time  0x000000000001d348      0x230 miscutils/lib.a(hdparm.o)
 .text.bus_state_value
                0x000000000001d578       0x58 miscutils/lib.a(hdparm.o)
 .text.print_flag
                0x000000000001d5d0       0x28 miscutils/lib.a(hdparm.o)
 .text.process_dev
                0x000000000001d5f8     0x18a8 miscutils/lib.a(hdparm.o)
 .text.parse_opts
                0x000000000001eea0       0x48 miscutils/lib.a(hdparm.o)
 .text.parse_xfermode
                0x000000000001eee8       0xc8 miscutils/lib.a(hdparm.o)
 .text.hdparm_main
                0x000000000001efb0      0x5c8 miscutils/lib.a(hdparm.o)
                0x000000000001efb0                hdparm_main
 .text.last_main
                0x000000000001f578      0x234 miscutils/lib.a(last.o)
                0x000000000001f578                last_main
 .text.set_tty_cooked
                0x000000000001f7ac       0x2c miscutils/lib.a(less.o)
 .text.less_exit
                0x000000000001f7d8       0x18 miscutils/lib.a(less.o)
 .text.clear_line
                0x000000000001f7f0       0x28 miscutils/lib.a(less.o)
 .text.print_hilite
                0x000000000001f818       0x1c miscutils/lib.a(less.o)
 .text.print_statusline
                0x000000000001f834       0x2c miscutils/lib.a(less.o)
 .text.m_status_print
                0x000000000001f860      0x114 miscutils/lib.a(less.o)
 .text.cap_cur_fline
                0x000000000001f974       0x70 miscutils/lib.a(less.o)
 .text.fill_match_lines
                0x000000000001f9e4       0xd0 miscutils/lib.a(less.o)
 .text.read_lines
                0x000000000001fab4      0x3c4 miscutils/lib.a(less.o)
 .text.buffer_print
                0x000000000001fe78      0x374 miscutils/lib.a(less.o)
 .text.buffer_fill_and_print
                0x00000000000201ec       0xb8 miscutils/lib.a(less.o)
 .text.buffer_down
                0x00000000000202a4       0x30 miscutils/lib.a(less.o)
 .text.buffer_up
                0x00000000000202d4       0x38 miscutils/lib.a(less.o)
 .text.buffer_line
                0x000000000002030c       0x58 miscutils/lib.a(less.o)
 .text.reinitialize
                0x0000000000020364       0xdc miscutils/lib.a(less.o)
 .text.less_getch
                0x0000000000020440      0x1f0 miscutils/lib.a(less.o)
 .text.less_gets
                0x0000000000020630       0xfc miscutils/lib.a(less.o)
 .text.examine_file
                0x000000000002072c       0x4c miscutils/lib.a(less.o)
 .text.change_file
                0x0000000000020778       0x9c miscutils/lib.a(less.o)
 .text.goto_match
                0x0000000000020814       0xc0 miscutils/lib.a(less.o)
 .text.regex_process
                0x00000000000208d4      0x150 miscutils/lib.a(less.o)
 .text.opp_bracket
                0x0000000000020a24       0x6c miscutils/lib.a(less.o)
 .text.sig_catcher
                0x0000000000020a90       0x18 miscutils/lib.a(less.o)
 .text.less_main
                0x0000000000020aa8      0xc14 miscutils/lib.a(less.o)
                0x0000000000020cc0                less_main
 .text.makedevs_main
                0x00000000000216bc      0x534 miscutils/lib.a(makedevs.o)
                0x00000000000216bc                makedevs_main
 .text.microcom_main
                0x0000000000021bf0      0x378 miscutils/lib.a(microcom.o)
                0x0000000000021bf0                microcom_main
 .text.mountpoint_main
                0x0000000000021f68      0x224 miscutils/lib.a(mountpoint.o)
                0x0000000000021f68                mountpoint_main
 .text.mt_main  0x000000000002218c      0x140 miscutils/lib.a(mt.o)
                0x000000000002218c                mt_main
 .text.raidautorun_main
                0x00000000000222cc       0x40 miscutils/lib.a(raidautorun.o)
                0x00000000000222cc                raidautorun_main
 .text.readahead_main
                0x000000000002230c       0x9c miscutils/lib.a(readahead.o)
                0x000000000002230c                readahead_main
 .text.runlevel_main
                0x00000000000223a8       0x9c miscutils/lib.a(runlevel.o)
                0x00000000000223a8                runlevel_main
 .text.read_byte
                0x0000000000022444       0x40 miscutils/lib.a(rx.o)
 .text.sigalrm_handler
                0x0000000000022484        0x8 miscutils/lib.a(rx.o)
 .text.rx_main  0x000000000002248c      0x474 miscutils/lib.a(rx.o)
                0x000000000002248c                rx_main
 .text.setsid_main
                0x0000000000022900       0x5c miscutils/lib.a(setsid.o)
                0x0000000000022900                setsid_main
 .text.strings_main
                0x000000000002295c      0x1b8 miscutils/lib.a(strings.o)
                0x000000000002295c                strings_main
 .text.ptok     0x0000000000022b14       0x64 miscutils/lib.a(time.o)
 .text.run_command
                0x0000000000022b78      0x13c miscutils/lib.a(time.o)
 .text.time_main
                0x0000000000022cb4      0x7bc miscutils/lib.a(time.o)
                0x0000000000022d8c                time_main
 .text.ttysize_main
                0x0000000000023470       0xb8 miscutils/lib.a(ttysize.o)
                0x0000000000023470                ttysize_main
 .text.watchdog_shutdown
                0x0000000000023528       0x24 miscutils/lib.a(watchdog.o)
 .text.watchdog_main
                0x000000000002354c       0xc0 miscutils/lib.a(watchdog.o)
                0x000000000002354c                watchdog_main
 .text.lsmod_main
                0x000000000002360c      0x1fc modutils/lib.a(lsmod.o)
                0x000000000002360c                lsmod_main
 .text.parse_tag_value
                0x0000000000023808       0x74 modutils/lib.a(modprobe.o)
 .text.append_option
                0x000000000002387c       0x64 modutils/lib.a(modprobe.o)
 .text.include_conf
                0x00000000000238e0      0x484 modutils/lib.a(modprobe.o)
 .text.already_loaded
                0x0000000000023d64      0x100 modutils/lib.a(modprobe.o)
 .text.mod_process
                0x0000000000023e64      0x1a8 modutils/lib.a(modprobe.o)
 .text.check_pattern
                0x000000000002400c       0x70 modutils/lib.a(modprobe.o)
 .text.check_dep
                0x000000000002407c      0x1fc modutils/lib.a(modprobe.o)
 .text.modprobe_main
                0x0000000000024278      0x6f4 modutils/lib.a(modprobe.o)
                0x0000000000024278                modprobe_main
 .text.arp_main
                0x000000000002496c      0xa94 networking/lib.a(arp.o)
                0x00000000000249ac                arp_main
 .text.finish   0x0000000000025400       0xb8 networking/lib.a(arping.o)
 .text.catcher  0x00000000000254b8      0x218 networking/lib.a(arping.o)
 .text.arping_main
                0x00000000000256d0      0x958 networking/lib.a(arping.o)
                0x00000000000256d0                arping_main
 .text.interrupt
                0x0000000000026028       0x1c networking/lib.a(dnsd.o)
 .text.dnsd_main
                0x0000000000026044      0x6fc networking/lib.a(dnsd.o)
                0x0000000000026044                dnsd_main
 .text.ether_wake_main
                0x0000000000026740      0x320 networking/lib.a(ether-wake.o)
                0x0000000000026740                ether_wake_main
 .text.ftp_die  0x0000000000026a60       0x78 networking/lib.a(ftpgetput.o)
 .text.ftpcmd   0x0000000000026ad8       0xf0 networking/lib.a(ftpgetput.o)
 .text.xconnect_ftpdata
                0x0000000000026bc8       0x90 networking/lib.a(ftpgetput.o)
 .text.ftp_receive
                0x0000000000026c58      0x228 networking/lib.a(ftpgetput.o)
 .text.ftp_send
                0x0000000000026e80      0x188 networking/lib.a(ftpgetput.o)
 .text.ftpgetput_main
                0x0000000000027008      0x200 networking/lib.a(ftpgetput.o)
                0x0000000000027008                ftpgetput_main
 .text.do_sethostname
                0x0000000000027208       0xc8 networking/lib.a(hostname.o)
 .text.hostname_main
                0x00000000000272d0      0x164 networking/lib.a(hostname.o)
                0x00000000000272d0                hostname_main
 .text.free_llist
                0x0000000000027434       0x30 networking/lib.a(httpd.o)
 .text.scan_ip  0x0000000000027464      0x144 networking/lib.a(httpd.o)
 .text.parse_conf
                0x00000000000275a8      0x7a8 networking/lib.a(httpd.o)
 .text.hex_to_bin
                0x0000000000027d50       0x38 networking/lib.a(httpd.o)
 .text.decodeString
                0x0000000000027d88       0xf4 networking/lib.a(httpd.o)
 .text.log_and_exit
                0x0000000000027e7c       0x64 networking/lib.a(httpd.o)
 .text.get_line
                0x0000000000027ee0       0xb0 networking/lib.a(httpd.o)
 .text.cgi_io_loop_and_exit
                0x0000000000027f90      0x298 networking/lib.a(httpd.o)
 .text.setenv1  0x0000000000028228       0x24 networking/lib.a(httpd.o)
 .text.send_file_and_exit
                0x000000000002824c      0x3e4 networking/lib.a(httpd.o)
 .text.send_headers
                0x0000000000028630      0x33c networking/lib.a(httpd.o)
 .text.send_headers_and_exit
                0x000000000002896c       0x18 networking/lib.a(httpd.o)
 .text.send_cgi_and_exit
                0x0000000000028984      0x3b0 networking/lib.a(httpd.o)
 .text.checkPermIP
                0x0000000000028d34       0x64 networking/lib.a(httpd.o)
 .text.checkPerm
                0x0000000000028d98      0x194 networking/lib.a(httpd.o)
 .text.exit_on_signal
                0x0000000000028f2c       0x10 networking/lib.a(httpd.o)
 .text.handle_incoming_and_exit
                0x0000000000028f3c      0xbb0 networking/lib.a(httpd.o)
 .text.httpd_main
                0x0000000000029aec      0x324 networking/lib.a(httpd.o)
                0x0000000000029aec                httpd_main
 .text.ifconfig_main
                0x0000000000029e10      0x5d0 networking/lib.a(ifconfig.o)
                0x0000000000029e10                ifconfig_main
 .text.addstr   0x000000000002a3e0       0x50 networking/lib.a(ifupdown.o)
 .text.strncmpz
                0x000000000002a430       0x30 networking/lib.a(ifupdown.o)
 .text.get_var  0x000000000002a460       0xcc networking/lib.a(ifupdown.o)
 .text.execute  0x000000000002a52c      0x350 networking/lib.a(ifupdown.o)
 .text.loopback_up6
                0x000000000002a87c       0x48 networking/lib.a(ifupdown.o)
 .text.loopback_down6
                0x000000000002a8c4       0x24 networking/lib.a(ifupdown.o)
 .text.static_up6
                0x000000000002a8e8       0x64 networking/lib.a(ifupdown.o)
 .text.static_down6
                0x000000000002a94c       0x24 networking/lib.a(ifupdown.o)
 .text.v4tunnel_up
                0x000000000002a970       0x7c networking/lib.a(ifupdown.o)
 .text.v4tunnel_down
                0x000000000002a9ec       0x24 networking/lib.a(ifupdown.o)
 .text.loopback_up
                0x000000000002aa10       0x48 networking/lib.a(ifupdown.o)
 .text.loopback_down
                0x000000000002aa58       0x48 networking/lib.a(ifupdown.o)
 .text.static_up
                0x000000000002aaa0       0x64 networking/lib.a(ifupdown.o)
 .text.static_down
                0x000000000002ab04       0x48 networking/lib.a(ifupdown.o)
 .text.dhcp_up  0x000000000002ab4c       0x44 networking/lib.a(ifupdown.o)
 .text.dhcp_down
                0x000000000002ab90       0x24 networking/lib.a(ifupdown.o)
 .text.manual_up_down
                0x000000000002abb4        0x8 networking/lib.a(ifupdown.o)
 .text.bootp_up
                0x000000000002abbc       0x24 networking/lib.a(ifupdown.o)
 .text.ppp_up   0x000000000002abe0       0x24 networking/lib.a(ifupdown.o)
 .text.ppp_down
                0x000000000002ac04       0x24 networking/lib.a(ifupdown.o)
 .text.wvdial_up
                0x000000000002ac28       0x24 networking/lib.a(ifupdown.o)
 .text.wvdial_down
                0x000000000002ac4c       0x24 networking/lib.a(ifupdown.o)
 .text.next_word
                0x000000000002ac70       0xa0 networking/lib.a(ifupdown.o)
 .text.setlocalenv
                0x000000000002ad10       0xf8 networking/lib.a(ifupdown.o)
 .text.set_environ
                0x000000000002ae08      0x1ac networking/lib.a(ifupdown.o)
 .text.doit     0x000000000002afb4       0xc4 networking/lib.a(ifupdown.o)
 .text.execute_all
                0x000000000002b078       0x74 networking/lib.a(ifupdown.o)
 .text.check    0x000000000002b0ec        0xc networking/lib.a(ifupdown.o)
 .text.iface_up
                0x000000000002b0f8       0xa0 networking/lib.a(ifupdown.o)
 .text.iface_down
                0x000000000002b198       0xa0 networking/lib.a(ifupdown.o)
 .text.popen2   0x000000000002b238      0x19c networking/lib.a(ifupdown.o)
 .text.find_iface_state
                0x000000000002b3d4       0x64 networking/lib.a(ifupdown.o)
 .text.read_iface_state
                0x000000000002b438       0x74 networking/lib.a(ifupdown.o)
 .text.ifupdown_main
                0x000000000002b4ac      0xb84 networking/lib.a(ifupdown.o)
                0x000000000002b4ac                ifupdown_main
 .text.xxstrdup
                0x000000000002c030       0x20 networking/lib.a(inetd.o)
 .text.freeconfig
                0x000000000002c050       0x58 networking/lib.a(inetd.o)
 .text.setup    0x000000000002c0a8      0x250 networking/lib.a(inetd.o)
 .text.nextline
                0x000000000002c2f8       0x54 networking/lib.a(inetd.o)
 .text.skip     0x000000000002c34c      0x114 networking/lib.a(inetd.o)
 .text.new_servtab
                0x000000000002c460       0x14 networking/lib.a(inetd.o)
 .text.dupconfig
                0x000000000002c474       0xac networking/lib.a(inetd.o)
 .text.getconfigent
                0x000000000002c520      0x564 networking/lib.a(inetd.o)
 .text.config   0x000000000002ca84      0x66c networking/lib.a(inetd.o)
 .text.reapchild
                0x000000000002d0f0       0xf4 networking/lib.a(inetd.o)
 .text.retry    0x000000000002d1e4       0x6c networking/lib.a(inetd.o)
 .text.goaway   0x000000000002d250       0x74 networking/lib.a(inetd.o)
 .text.inetd_setproctitle
                0x000000000002d2c4       0xfc networking/lib.a(inetd.o)
 .text.inetd_main
                0x000000000002d3c0      0xa4c networking/lib.a(inetd.o)
                0x000000000002d3c0                inetd_main
 .text.dg_badinput
                0x000000000002de0c       0x2c networking/lib.a(inetd.o)
 .text.echo_stream
                0x000000000002de38       0x68 networking/lib.a(inetd.o)
 .text.echo_dg  0x000000000002dea0       0x94 networking/lib.a(inetd.o)
 .text.discard_stream
                0x000000000002df34       0x44 networking/lib.a(inetd.o)
 .text.discard_dg
                0x000000000002df78       0x2c networking/lib.a(inetd.o)
 .text.initring
                0x000000000002dfa4       0x54 networking/lib.a(inetd.o)
 .text.chargen_stream
                0x000000000002dff8       0xd8 networking/lib.a(inetd.o)
 .text.chargen_dg
                0x000000000002e0d0      0x110 networking/lib.a(inetd.o)
 .text.machtime
                0x000000000002e1e0       0x4c networking/lib.a(inetd.o)
 .text.machtime_stream
                0x000000000002e22c       0x2c networking/lib.a(inetd.o)
 .text.machtime_dg
                0x000000000002e258       0x84 networking/lib.a(inetd.o)
 .text.daytime_stream
                0x000000000002e2dc       0x54 networking/lib.a(inetd.o)
 .text.daytime_dg
                0x000000000002e330       0xa8 networking/lib.a(inetd.o)
 .text.INET_sprint
                0x000000000002e3d8       0x60 networking/lib.a(interface.o)
 .text.INET_input
                0x000000000002e438       0x14 networking/lib.a(interface.o)
 .text.INET6_sprint
                0x000000000002e44c       0x5c networking/lib.a(interface.o)
 .text.INET6_input
                0x000000000002e4a8       0x10 networking/lib.a(interface.o)
 .text.UNSPEC_print
                0x000000000002e4b8       0x54 networking/lib.a(interface.o)
 .text.UNSPEC_sprint
                0x000000000002e50c       0x40 networking/lib.a(interface.o)
 .text.get_aftype
                0x000000000002e54c       0x50 networking/lib.a(interface.o)
                0x000000000002e54c                get_aftype
 .text.get_afntype
                0x000000000002e59c       0x44 networking/lib.a(interface.o)
 .text.add_interface
                0x000000000002e5e0       0x9c networking/lib.a(interface.o)
 .text.if_readconf
                0x000000000002e67c       0xd0 networking/lib.a(interface.o)
 .text.if_readlist_proc
                0x000000000002e74c      0x2ac networking/lib.a(interface.o)
 .text.do_if_fetch
                0x000000000002e9f8      0x300 networking/lib.a(interface.o)
 .text.pr_ether
                0x000000000002ecf8       0x44 networking/lib.a(interface.o)
 .text.hexchar2int
                0x000000000002ed3c       0x30 networking/lib.a(interface.o)
 .text.in_ether
                0x000000000002ed6c       0xec networking/lib.a(interface.o)
 .text.get_hwtype
                0x000000000002ee58       0x50 networking/lib.a(interface.o)
                0x000000000002ee58                get_hwtype
 .text.get_hwntype
                0x000000000002eea8       0x44 networking/lib.a(interface.o)
                0x000000000002eea8                get_hwntype
 .text.print_bytes_scaled
                0x000000000002eeec       0xa8 networking/lib.a(interface.o)
 .text.ife_print
                0x000000000002ef94      0x60c networking/lib.a(interface.o)
 .text.display_interfaces
                0x000000000002f5a0       0xf4 networking/lib.a(interface.o)
                0x000000000002f5a0                display_interfaces
 .text.ip_print_help
                0x000000000002f694       0x10 networking/lib.a(ip.o)
 .text.ip_do    0x000000000002f6a4       0x3c networking/lib.a(ip.o)
 .text.ipaddr_main
                0x000000000002f6e0       0x20 networking/lib.a(ip.o)
                0x000000000002f6e0                ipaddr_main
 .text.iplink_main
                0x000000000002f700       0x20 networking/lib.a(ip.o)
                0x000000000002f700                iplink_main
 .text.iproute_main
                0x000000000002f720       0x20 networking/lib.a(ip.o)
                0x000000000002f720                iproute_main
 .text.iprule_main
                0x000000000002f740       0x20 networking/lib.a(ip.o)
                0x000000000002f740                iprule_main
 .text.iptunnel_main
                0x000000000002f760       0x20 networking/lib.a(ip.o)
                0x000000000002f760                iptunnel_main
 .text.ip_main  0x000000000002f780       0xe0 networking/lib.a(ip.o)
                0x000000000002f780                ip_main
 .text.ipcalc_main
                0x000000000002f860      0x2f0 networking/lib.a(ipcalc.o)
                0x000000000002f860                ipcalc_main
 .text.new_peer
                0x000000000002fb50       0x7c networking/lib.a(isrv_identd.o)
 .text.do_rd    0x000000000002fbcc      0x124 networking/lib.a(isrv_identd.o)
 .text.do_timeout
                0x000000000002fcf0        0x8 networking/lib.a(isrv_identd.o)
 .text.fakeidentd_main
                0x000000000002fcf8      0x158 networking/lib.a(isrv_identd.o)
                0x000000000002fcf8                fakeidentd_main
 .text.cc_macaddr
                0x000000000002fe50       0x4c networking/lib.a(nameif.o)
 .text.nameif_main
                0x000000000002fe9c      0x338 networking/lib.a(nameif.o)
                0x000000000002fe9c                nameif_main
 .text.timeout  0x00000000000301d4       0x14 networking/lib.a(nc.o)
 .text.nc_main  0x00000000000301e8      0x530 networking/lib.a(nc.o)
                0x00000000000301e8                nc_main
 .text.build_ipv6_addr
                0x0000000000030718       0x60 networking/lib.a(netstat.o)
 .text.build_ipv4_addr
                0x0000000000030778       0x28 networking/lib.a(netstat.o)
 .text.ip_port_str
                0x00000000000307a0       0x98 networking/lib.a(netstat.o)
 .text.tcp_do_one
                0x0000000000030838      0x1b8 networking/lib.a(netstat.o)
 .text.udp_do_one
                0x00000000000309f0      0x218 networking/lib.a(netstat.o)
 .text.raw_do_one
                0x0000000000030c08      0x1f4 networking/lib.a(netstat.o)
 .text.unix_do_one
                0x0000000000030dfc      0x380 networking/lib.a(netstat.o)
 .text.do_info  0x000000000003117c       0x90 networking/lib.a(netstat.o)
 .text.netstat_main
                0x000000000003120c      0x2ac networking/lib.a(netstat.o)
                0x000000000003120c                netstat_main
 .text.print_host
                0x00000000000314b8       0xec networking/lib.a(nslookup.o)
 .text.nslookup_main
                0x00000000000315a4       0xc4 networking/lib.a(nslookup.o)
                0x00000000000315a4                nslookup_main
 .text.pingstats
                0x0000000000031668      0x13c networking/lib.a(ping.o)
 .text.sendping_tail
                0x00000000000317a4       0xb8 networking/lib.a(ping.o)
 .text.sendping4
                0x000000000003185c       0xdc networking/lib.a(ping.o)
 .text.sendping6
                0x0000000000031938       0x6c networking/lib.a(ping.o)
 .text.unpack_tail
                0x00000000000319a4      0x154 networking/lib.a(ping.o)
 .text.ping_main
                0x0000000000031af8      0x8b8 networking/lib.a(ping.o)
                0x0000000000031b44                ping_main
 .text.ping6_main
                0x00000000000323b0       0x24 networking/lib.a(ping.o)
                0x00000000000323b0                ping6_main
 .text.pscan_main
                0x00000000000323d4      0x288 networking/lib.a(pscan.o)
                0x00000000000323d4                pscan_main
 .text.kw_lookup
                0x000000000003265c       0x80 networking/lib.a(route.o)
 .text.set_flags
                0x00000000000326dc       0x60 networking/lib.a(route.o)
 .text.bb_displayroutes
                0x000000000003273c      0x208 networking/lib.a(route.o)
                0x000000000003273c                bb_displayroutes
 .text.route_main
                0x0000000000032944      0x9dc networking/lib.a(route.o)
                0x0000000000032944                route_main
 .text.set_termios_state_and_warn
                0x0000000000033320       0x3c networking/lib.a(slattach.o)
 .text.restore_state_and_exit
                0x000000000003335c       0xa4 networking/lib.a(slattach.o)
 .text.sig_handler
                0x0000000000033400       0x10 networking/lib.a(slattach.o)
 .text.slattach_main
                0x0000000000033410      0x314 networking/lib.a(slattach.o)
                0x0000000000033410                slattach_main
 .text.iacflush
                0x0000000000033724       0x28 networking/lib.a(telnet.o)
 .text.putiac   0x000000000003374c       0x28 networking/lib.a(telnet.o)
 .text.putiac2  0x0000000000033774       0x44 networking/lib.a(telnet.o)
 .text.fgotsig  0x00000000000337b8        0xc networking/lib.a(telnet.o)
 .text.rawmode  0x00000000000337c4       0x38 networking/lib.a(telnet.o)
 .text.cookmode
                0x00000000000337fc       0x38 networking/lib.a(telnet.o)
 .text.setConMode
                0x0000000000033834       0x80 networking/lib.a(telnet.o)
 .text.doexit   0x00000000000338b4       0x18 networking/lib.a(telnet.o)
 .text.conescape
                0x00000000000338cc      0x190 networking/lib.a(telnet.o)
 .text.telnet_main
                0x0000000000033a5c      0x868 networking/lib.a(telnet.o)
                0x0000000000033a70                telnet_main
 .text.make_new_session
                0x00000000000342c4      0x290 networking/lib.a(telnetd.o)
 .text.free_session
                0x0000000000034554       0xc8 networking/lib.a(telnetd.o)
 .text.handle_sigchld
                0x000000000003461c       0x58 networking/lib.a(telnetd.o)
 .text.telnetd_main
                0x0000000000034674      0x780 networking/lib.a(telnetd.o)
                0x0000000000034674                telnetd_main
 .text.tftp_blocksize_check
                0x0000000000034df4       0x78 networking/lib.a(tftp.o)
 .text.tftp     0x0000000000034e6c      0x594 networking/lib.a(tftp.o)
 .text.tftp_main
                0x0000000000035400      0x194 networking/lib.a(tftp.o)
                0x0000000000035400                tftp_main
 .text.ifaddrlist
                0x0000000000035594      0x1ac networking/lib.a(traceroute.o)
 .text.setsin   0x0000000000035740       0x28 networking/lib.a(traceroute.o)
 .text.in_cksum
                0x0000000000035768       0x64 networking/lib.a(traceroute.o)
 .text.gethostinfo
                0x00000000000357cc      0x108 networking/lib.a(traceroute.o)
 .text.freehostinfo
                0x00000000000358d4       0x20 networking/lib.a(traceroute.o)
 .text.traceroute_main
                0x00000000000358f4      0xe4c networking/lib.a(traceroute.o)
                0x0000000000035934                traceroute_main
 .text.xfind_str
                0x0000000000036740       0x44 networking/lib.a(vconfig.o)
 .text.vconfig_main
                0x0000000000036784      0x150 networking/lib.a(vconfig.o)
                0x0000000000036784                vconfig_main
 .text.progressmeter
                0x00000000000368d4      0x448 networking/lib.a(wget.o)
 .text.safe_fgets
                0x0000000000036d1c       0x60 networking/lib.a(wget.o)
 .text.base64enc_512
                0x0000000000036d7c       0x3c networking/lib.a(wget.o)
 .text.open_socket
                0x0000000000036db8       0x38 networking/lib.a(wget.o)
 .text.ftpcmd   0x0000000000036df0       0xbc networking/lib.a(wget.o)
 .text.parse_url
                0x0000000000036eac      0x1b0 networking/lib.a(wget.o)
 .text.gethdr   0x000000000003705c      0x144 networking/lib.a(wget.o)
 .text.wget_main
                0x00000000000371a0      0xb94 networking/lib.a(wget.o)
                0x00000000000371a0                wget_main
 .text.pick     0x0000000000037d34       0x3c networking/lib.a(zcip.o)
 .text.arp      0x0000000000037d70       0xc8 networking/lib.a(zcip.o)
 .text.run      0x0000000000037e38       0xc0 networking/lib.a(zcip.o)
 .text.zcip_main
                0x0000000000037ef8      0x6b8 networking/lib.a(zcip.o)
                0x0000000000037ef8                zcip_main
 .text.isrv_want_rd
                0x00000000000385b0       0x28 networking/lib.a(isrv.o)
                0x00000000000385b0                isrv_want_rd
 .text.isrv_dont_want_rd
                0x00000000000385d8       0x28 networking/lib.a(isrv.o)
                0x00000000000385d8                isrv_dont_want_rd
 .text.isrv_dont_want_wr
                0x0000000000038600       0x48 networking/lib.a(isrv.o)
                0x0000000000038600                isrv_dont_want_wr
 .text.isrv_register_fd
                0x0000000000038648       0x78 networking/lib.a(isrv.o)
                0x0000000000038648                isrv_register_fd
 .text.isrv_close_fd
                0x00000000000386c0       0x8c networking/lib.a(isrv.o)
                0x00000000000386c0                isrv_close_fd
 .text.isrv_register_peer
                0x000000000003874c       0x68 networking/lib.a(isrv.o)
                0x000000000003874c                isrv_register_peer
 .text.remove_peer
                0x00000000000387b4       0xf0 networking/lib.a(isrv.o)
 .text.handle_fd_set
                0x00000000000388a4      0x180 networking/lib.a(isrv.o)
 .text.isrv_run
                0x0000000000038a24      0x1f8 networking/lib.a(isrv.o)
                0x0000000000038a24                isrv_run
 .text.ip_parse_common_args
                0x0000000000038c1c      0x168 networking/libiproute/lib.a(ip_parse_common_args.o)
                0x0000000000038c1c                ip_parse_common_args
 .text.flush_update
                0x0000000000038d84       0x48 networking/libiproute/lib.a(ipaddress.o)
 .text.print_addrinfo
                0x0000000000038dcc      0x624 networking/libiproute/lib.a(ipaddress.o)
 .text.store_nlmsg
                0x00000000000393f0       0x6c networking/libiproute/lib.a(ipaddress.o)
 .text.ipaddr_list_or_flush
                0x000000000003945c      0xb84 networking/libiproute/lib.a(ipaddress.o)
                0x0000000000039470                ipaddr_list_or_flush
 .text.ipaddr_modify
                0x0000000000039fe0      0x54c networking/libiproute/lib.a(ipaddress.o)
 .text.do_ipaddr
                0x000000000003a52c       0xac networking/libiproute/lib.a(ipaddress.o)
                0x000000000003a52c                do_ipaddr
 .text.on_off   0x000000000003a5d8       0x18 networking/libiproute/lib.a(iplink.o)
 .text.get_ctl_fd
                0x000000000003a5f0       0x58 networking/libiproute/lib.a(iplink.o)
 .text.parse_address
                0x000000000003a648       0x70 networking/libiproute/lib.a(iplink.o)
 .text.set_address
                0x000000000003a6b8       0x54 networking/libiproute/lib.a(iplink.o)
 .text.ipaddr_list_link
                0x000000000003a70c       0x20 networking/libiproute/lib.a(iplink.o)
 .text.do_iplink
                0x000000000003a72c      0x4ec networking/libiproute/lib.a(iplink.o)
                0x000000000003a72c                do_iplink
 .text.flush_update
                0x000000000003ac18       0x48 networking/libiproute/lib.a(iproute.o)
 .text.print_route
                0x000000000003ac60      0x888 networking/libiproute/lib.a(iproute.o)
 .text.iproute_reset_filter
                0x000000000003b4e8       0x30 networking/libiproute/lib.a(iproute.o)
 .text.iproute_list_or_flush
                0x000000000003b518      0x5a4 networking/libiproute/lib.a(iproute.o)
 .text.do_iproute
                0x000000000003babc      0x998 networking/libiproute/lib.a(iproute.o)
                0x000000000003bb08                do_iproute
 .text.print_rule
                0x000000000003c454      0x3d4 networking/libiproute/lib.a(iprule.o)
 .text.iprule_list
                0x000000000003c828       0x74 networking/libiproute/lib.a(iprule.o)
 .text.do_iprule
                0x000000000003c89c      0x4bc networking/libiproute/lib.a(iprule.o)
                0x000000000003c89c                do_iprule
 .text.do_get_ioctl
                0x000000000003cd58       0x5c networking/libiproute/lib.a(iptunnel.o)
 .text.do_add_ioctl
                0x000000000003cdb4       0x9c networking/libiproute/lib.a(iptunnel.o)
 .text.do_del_ioctl
                0x000000000003ce50       0x74 networking/libiproute/lib.a(iptunnel.o)
 .text.parse_args
                0x000000000003cec4      0x7c0 networking/libiproute/lib.a(iptunnel.o)
 .text.do_add   0x000000000003d684       0xb8 networking/libiproute/lib.a(iptunnel.o)
 .text.print_tunnel
                0x000000000003d73c      0x354 networking/libiproute/lib.a(iptunnel.o)
 .text.do_iptunnel
                0x000000000003da90      0x4a4 networking/libiproute/lib.a(iptunnel.o)
                0x000000000003da90                do_iptunnel
 .text.xrtnl_open
                0x000000000003df34       0xc4 networking/libiproute/lib.a(libnetlink.o)
                0x000000000003df34                xrtnl_open
 .text.xrtnl_wilddump_request
                0x000000000003dff8       0x6c networking/libiproute/lib.a(libnetlink.o)
                0x000000000003dff8                xrtnl_wilddump_request
 .text.rtnl_send
                0x000000000003e064       0x3c networking/libiproute/lib.a(libnetlink.o)
                0x000000000003e064                rtnl_send
 .text.xrtnl_dump_filter
                0x000000000003e0a0      0x258 networking/libiproute/lib.a(libnetlink.o)
                0x000000000003e0a0                xrtnl_dump_filter
 .text.rtnl_talk
                0x000000000003e2f8      0x318 networking/libiproute/lib.a(libnetlink.o)
                0x000000000003e2f8                rtnl_talk
 .text.addattr32
                0x000000000003e610       0x64 networking/libiproute/lib.a(libnetlink.o)
                0x000000000003e610                addattr32
 .text.addattr_l
                0x000000000003e674       0x64 networking/libiproute/lib.a(libnetlink.o)
                0x000000000003e674                addattr_l
 .text.rta_addattr32
                0x000000000003e6d8       0x64 networking/libiproute/lib.a(libnetlink.o)
                0x000000000003e6d8                rta_addattr32
 .text.parse_rtattr
                0x000000000003e73c       0x78 networking/libiproute/lib.a(libnetlink.o)
                0x000000000003e73c                parse_rtattr
 .text.ll_addr_n2a
                0x000000000003e7b4       0xc8 networking/libiproute/lib.a(ll_addr.o)
                0x000000000003e7b4                ll_addr_n2a
 .text.ll_addr_a2n
                0x000000000003e87c       0xf8 networking/libiproute/lib.a(ll_addr.o)
                0x000000000003e87c                ll_addr_a2n
 .text.find_by_index
                0x000000000003e974       0x44 networking/libiproute/lib.a(ll_map.o)
 .text.ll_remember_index
                0x000000000003e9b8      0x138 networking/libiproute/lib.a(ll_map.o)
                0x000000000003e9b8                ll_remember_index
 .text.ll_idx_n2a
                0x000000000003eaf0       0x58 networking/libiproute/lib.a(ll_map.o)
                0x000000000003eaf0                ll_idx_n2a
 .text.ll_index_to_name
                0x000000000003eb48       0x18 networking/libiproute/lib.a(ll_map.o)
                0x000000000003eb48                ll_index_to_name
 .text.ll_index_to_flags
                0x000000000003eb60       0x2c networking/libiproute/lib.a(ll_map.o)
                0x000000000003eb60                ll_index_to_flags
 .text.xll_name_to_index
                0x000000000003eb8c       0x98 networking/libiproute/lib.a(ll_map.o)
                0x000000000003eb8c                xll_name_to_index
 .text.ll_init_map
                0x000000000003ec24       0x34 networking/libiproute/lib.a(ll_map.o)
                0x000000000003ec24                ll_init_map
 .text.ll_type_n2a
                0x000000000003ec58       0x70 networking/libiproute/lib.a(ll_types.o)
                0x000000000003ec58                ll_type_n2a
 .text.rtnl_tab_initialize
                0x000000000003ecc8      0x17c networking/libiproute/lib.a(rt_names.o)
 .text.rtnl_rtprot_initialize
                0x000000000003ee44       0x50 networking/libiproute/lib.a(rt_names.o)
 .text.rtnl_rtprot_a2n
                0x000000000003ee94       0xd8 networking/libiproute/lib.a(rt_names.o)
                0x000000000003ee94                rtnl_rtprot_a2n
 .text.rtnl_rtscope_initialize
                0x000000000003ef6c       0x7c networking/libiproute/lib.a(rt_names.o)
 .text.rtnl_rtscope_n2a
                0x000000000003efe8       0x68 networking/libiproute/lib.a(rt_names.o)
                0x000000000003efe8                rtnl_rtscope_n2a
 .text.rtnl_rtscope_a2n
                0x000000000003f050       0xd8 networking/libiproute/lib.a(rt_names.o)
                0x000000000003f050                rtnl_rtscope_a2n
 .text.rtnl_rtrealm_initialize
                0x000000000003f128       0x4c networking/libiproute/lib.a(rt_names.o)
 .text.rtnl_rtrealm_a2n
                0x000000000003f174       0xd8 networking/libiproute/lib.a(rt_names.o)
                0x000000000003f174                rtnl_rtrealm_a2n
 .text.rtnl_rtrealm_n2a
                0x000000000003f24c       0x68 networking/libiproute/lib.a(rt_names.o)
                0x000000000003f24c                rtnl_rtrealm_n2a
 .text.rtnl_rtdsfield_initialize
                0x000000000003f2b4       0x4c networking/libiproute/lib.a(rt_names.o)
 .text.rtnl_dsfield_n2a
                0x000000000003f300       0x68 networking/libiproute/lib.a(rt_names.o)
                0x000000000003f300                rtnl_dsfield_n2a
 .text.rtnl_dsfield_a2n
                0x000000000003f368       0xd8 networking/libiproute/lib.a(rt_names.o)
                0x000000000003f368                rtnl_dsfield_a2n
 .text.rtnl_rttable_initialize
                0x000000000003f440       0x74 networking/libiproute/lib.a(rt_names.o)
 .text.rtnl_rttable_n2a
                0x000000000003f4b4       0x68 networking/libiproute/lib.a(rt_names.o)
                0x000000000003f4b4                rtnl_rttable_n2a
 .text.rtnl_rttable_a2n
                0x000000000003f51c       0xe4 networking/libiproute/lib.a(rt_names.o)
                0x000000000003f51c                rtnl_rttable_a2n
 .text.rtnl_rtntype_n2a
                0x000000000003f600      0x108 networking/libiproute/lib.a(rtm_map.o)
                0x000000000003f630                rtnl_rtntype_n2a
 .text.rtnl_rtntype_a2n
                0x000000000003f708      0x10c networking/libiproute/lib.a(rtm_map.o)
                0x000000000003f708                rtnl_rtntype_a2n
 .text.get_rt_realms
                0x000000000003f814       0xa8 networking/libiproute/lib.a(rtm_map.o)
                0x000000000003f814                get_rt_realms
 .text.get_integer
                0x000000000003f8bc       0x6c networking/libiproute/lib.a(utils.o)
                0x000000000003f8bc                get_integer
 .text.get_unsigned
                0x000000000003f928       0x6c networking/libiproute/lib.a(utils.o)
                0x000000000003f928                get_unsigned
 .text.get_u32  0x000000000003f994       0x6c networking/libiproute/lib.a(utils.o)
                0x000000000003f994                get_u32
 .text.get_addr_1
                0x000000000003fa00      0x1ac networking/libiproute/lib.a(utils.o)
                0x000000000003fa00                get_addr_1
 .text.get_prefix_1
                0x000000000003fbac       0xfc networking/libiproute/lib.a(utils.o)
                0x000000000003fbac                get_prefix_1
 .text.get_addr
                0x000000000003fca8       0x50 networking/libiproute/lib.a(utils.o)
                0x000000000003fca8                get_addr
 .text.get_prefix
                0x000000000003fcf8       0x50 networking/libiproute/lib.a(utils.o)
                0x000000000003fcf8                get_prefix
 .text.get_addr32
                0x000000000003fd48       0x38 networking/libiproute/lib.a(utils.o)
                0x000000000003fd48                get_addr32
 .text.incomplete_command
                0x000000000003fd80       0x14 networking/libiproute/lib.a(utils.o)
                0x000000000003fd80                incomplete_command
 .text.invarg   0x000000000003fd94       0x1c networking/libiproute/lib.a(utils.o)
                0x000000000003fd94                invarg
 .text.duparg   0x000000000003fdb0       0x1c networking/libiproute/lib.a(utils.o)
                0x000000000003fdb0                duparg
 .text.duparg2  0x000000000003fdcc       0x1c networking/libiproute/lib.a(utils.o)
                0x000000000003fdcc                duparg2
 .text.inet_addr_match
                0x000000000003fde8       0x7c networking/libiproute/lib.a(utils.o)
                0x000000000003fde8                inet_addr_match
 .text.rt_addr_n2a
                0x000000000003fe64       0x34 networking/libiproute/lib.a(utils.o)
                0x000000000003fe64                rt_addr_n2a
 .text.format_host
                0x000000000003fe98       0x10 networking/libiproute/lib.a(utils.o)
                0x000000000003fe98                format_host
 .text.change_mode
                0x000000000003fea8       0x38 networking/udhcp/lib.a(dhcpc.o)
 .text.perform_release
                0x000000000003fee0       0xb4 networking/udhcp/lib.a(dhcpc.o)
 .text.client_background
                0x000000000003ff94       0x40 networking/udhcp/lib.a(dhcpc.o)
 .text.alloc_dhcp_option
                0x000000000003ffd4       0x54 networking/udhcp/lib.a(dhcpc.o)
 .text.udhcpc_main
                0x0000000000040028      0xb1c networking/udhcp/lib.a(dhcpc.o)
                0x0000000000040064                udhcpc_main
 .text.udhcpd_main
                0x0000000000040b44      0x5e8 networking/udhcp/lib.a(dhcpd.o)
                0x0000000000040b64                udhcpd_main
 .text.get_dhcp_packet_type
                0x000000000004112c       0x40 networking/udhcp/lib.a(dhcprelay.o)
 .text.dhcprelay_main
                0x000000000004116c      0x528 networking/udhcp/lib.a(dhcprelay.o)
                0x000000000004116c                dhcprelay_main
 .text.dumpleases_main
                0x0000000000041694      0x200 networking/udhcp/lib.a(dumpleases.o)
                0x0000000000041694                dumpleases_main
 .text.read_ip  0x0000000000041894       0x38 networking/udhcp/lib.a(files.o)
 .text.read_str
                0x00000000000418cc       0x20 networking/udhcp/lib.a(files.o)
 .text.read_u32
                0x00000000000418ec       0x34 networking/udhcp/lib.a(files.o)
 .text.read_yn  0x0000000000041920       0x5c networking/udhcp/lib.a(files.o)
 .text.find_option
                0x000000000004197c       0x68 networking/udhcp/lib.a(files.o)
                0x000000000004197c                find_option
 .text.read_opt
                0x00000000000419e4      0x408 networking/udhcp/lib.a(files.o)
 .text.read_staticlease
                0x0000000000041dec       0x78 networking/udhcp/lib.a(files.o)
 .text.read_config
                0x0000000000041e64      0x1b4 networking/udhcp/lib.a(files.o)
                0x0000000000041e64                read_config
 .text.write_leases
                0x0000000000042018      0x124 networking/udhcp/lib.a(files.o)
                0x0000000000042018                write_leases
 .text.read_leases
                0x000000000004213c       0xe4 networking/udhcp/lib.a(files.o)
                0x000000000004213c                read_leases
 .text.add_lease
                0x0000000000042220      0x15c networking/udhcp/lib.a(leases.o)
                0x0000000000042220                add_lease
 .text.lease_expired
                0x000000000004237c       0x20 networking/udhcp/lib.a(leases.o)
                0x000000000004237c                lease_expired
 .text.find_lease_by_chaddr
                0x000000000004239c       0x78 networking/udhcp/lib.a(leases.o)
                0x000000000004239c                find_lease_by_chaddr
 .text.find_lease_by_yiaddr
                0x0000000000042414       0x4c networking/udhcp/lib.a(leases.o)
                0x0000000000042414                find_lease_by_yiaddr
 .text.find_address
                0x0000000000042460       0xf4 networking/udhcp/lib.a(leases.o)
                0x0000000000042460                find_address
 .text.udhcp_get_option
                0x0000000000042554      0x144 networking/udhcp/lib.a(options.o)
                0x0000000000042554                udhcp_get_option
 .text.udhcp_end_option
                0x0000000000042698       0x50 networking/udhcp/lib.a(options.o)
                0x0000000000042698                udhcp_end_option
 .text.udhcp_add_option_string
                0x00000000000426e8       0x74 networking/udhcp/lib.a(options.o)
                0x00000000000426e8                udhcp_add_option_string
 .text.udhcp_add_simple_option
                0x000000000004275c       0xa8 networking/udhcp/lib.a(options.o)
                0x000000000004275c                udhcp_add_simple_option
 .text.udhcp_init_header
                0x0000000000042804       0x80 networking/udhcp/lib.a(packet.o)
                0x0000000000042804                udhcp_init_header
 .text.udhcp_get_packet
                0x0000000000042884       0xc8 networking/udhcp/lib.a(packet.o)
                0x0000000000042884                udhcp_get_packet
 .text.udhcp_checksum
                0x000000000004294c       0x7c networking/udhcp/lib.a(packet.o)
                0x000000000004294c                udhcp_checksum
 .text.udhcp_raw_packet
                0x00000000000429c8      0x188 networking/udhcp/lib.a(packet.o)
                0x00000000000429c8                udhcp_raw_packet
 .text.udhcp_kernel_packet
                0x0000000000042b50       0xcc networking/udhcp/lib.a(packet.o)
                0x0000000000042b50                udhcp_kernel_packet
 .text.sprintip
                0x0000000000042c1c       0x34 networking/udhcp/lib.a(script.o)
 .text.udhcp_run_script
                0x0000000000042c50      0x60c networking/udhcp/lib.a(script.o)
                0x0000000000042c78                udhcp_run_script
 .text.send_packet
                0x000000000004325c       0x98 networking/udhcp/lib.a(serverpacket.o)
 .text.init_packet
                0x00000000000432f4       0x58 networking/udhcp/lib.a(serverpacket.o)
 .text.add_bootp_options
                0x000000000004334c       0x60 networking/udhcp/lib.a(serverpacket.o)
 .text.sendOffer
                0x00000000000433ac      0x24c networking/udhcp/lib.a(serverpacket.o)
                0x00000000000433ac                sendOffer
 .text.sendNAK  0x00000000000435f8       0x2c networking/udhcp/lib.a(serverpacket.o)
                0x00000000000435f8                sendNAK
 .text.sendACK  0x0000000000043624      0x124 networking/udhcp/lib.a(serverpacket.o)
                0x0000000000043624                sendACK
 .text.send_inform
                0x0000000000043748       0x6c networking/udhcp/lib.a(serverpacket.o)
                0x0000000000043748                send_inform
 .text.signal_handler
                0x00000000000437b4       0x40 networking/udhcp/lib.a(signalpipe.o)
 .text.udhcp_sp_setup
                0x00000000000437f4       0x58 networking/udhcp/lib.a(signalpipe.o)
                0x00000000000437f4                udhcp_sp_setup
 .text.udhcp_sp_fd_set
                0x000000000004384c       0x8c networking/udhcp/lib.a(signalpipe.o)
                0x000000000004384c                udhcp_sp_fd_set
 .text.udhcp_sp_read
                0x00000000000438d8       0x54 networking/udhcp/lib.a(signalpipe.o)
                0x00000000000438d8                udhcp_sp_read
 .text.udhcp_read_interface
                0x000000000004392c      0x110 networking/udhcp/lib.a(socket.o)
                0x000000000004392c                udhcp_read_interface
 .text.udhcp_listen_socket
                0x0000000000043a3c       0xb8 networking/udhcp/lib.a(socket.o)
                0x0000000000043a3c                udhcp_listen_socket
 .text.addStaticLease
                0x0000000000043af4       0x50 networking/udhcp/lib.a(static_leases.o)
                0x0000000000043af4                addStaticLease
 .text.getIpByMac
                0x0000000000043b44       0x48 networking/udhcp/lib.a(static_leases.o)
                0x0000000000043b44                getIpByMac
 .text.reservedIp
                0x0000000000043b8c       0x38 networking/udhcp/lib.a(static_leases.o)
                0x0000000000043b8c                reservedIp
 .text.arpping  0x0000000000043bc4      0x1f0 networking/udhcp/lib.a(arpping.o)
                0x0000000000043bc4                arpping
 .text.random_xid
                0x0000000000043db4       0x3c networking/udhcp/lib.a(clientpacket.o)
                0x0000000000043db4                random_xid
 .text.init_packet
                0x0000000000043df0       0x8c networking/udhcp/lib.a(clientpacket.o)
 .text.add_requests
                0x0000000000043e7c       0x80 networking/udhcp/lib.a(clientpacket.o)
 .text.send_discover
                0x0000000000043efc       0x7c networking/udhcp/lib.a(clientpacket.o)
                0x0000000000043efc                send_discover
 .text.send_selecting
                0x0000000000043f78       0x94 networking/udhcp/lib.a(clientpacket.o)
                0x0000000000043f78                send_selecting
 .text.send_renew
                0x000000000004400c       0x8c networking/udhcp/lib.a(clientpacket.o)
                0x000000000004400c                send_renew
 .text.send_release
                0x0000000000044098       0x74 networking/udhcp/lib.a(clientpacket.o)
                0x0000000000044098                send_release
 .text.get_raw_packet
                0x000000000004410c      0x198 networking/udhcp/lib.a(clientpacket.o)
                0x000000000004410c                get_raw_packet
 .text.raw_socket
                0x00000000000442a4       0x40 networking/udhcp/lib.a(clientsocket.o)
                0x00000000000442a4                raw_socket
 .text.dname_dec
                0x00000000000442e4      0x1c0 networking/udhcp/lib.a(domain_codec.o)
                0x00000000000442e4                dname_dec
 .text.dname_enc
                0x00000000000444a4      0x224 networking/udhcp/lib.a(domain_codec.o)
                0x00000000000444a4                dname_enc
 .text.free_main
                0x00000000000446c8      0x19c procps/lib.a(free.o)
                0x00000000000446c8                free_main
 .text.fuser_file_to_dev_inode
                0x0000000000044864       0x3c procps/lib.a(fuser.o)
 .text.fuser_add_pid
                0x00000000000448a0       0x58 procps/lib.a(fuser.o)
 .text.fuser_add_inode
                0x00000000000448f8       0xb8 procps/lib.a(fuser.o)
 .text.fuser_search_dev_inode
                0x00000000000449b0       0x98 procps/lib.a(fuser.o)
 .text.fuser_scan_link
                0x0000000000044a48       0x58 procps/lib.a(fuser.o)
 .text.fuser_scan_dir_links
                0x0000000000044aa0       0x8c procps/lib.a(fuser.o)
 .text.fuser_main
                0x0000000000044b2c      0x698 procps/lib.a(fuser.o)
                0x0000000000044b2c                fuser_main
 .text.kill_main
                0x00000000000451c4      0x3ac procps/lib.a(kill.o)
                0x00000000000451c4                kill_main
 .text.put      0x0000000000045570       0x58 procps/lib.a(nmeter.o)
 .text.put_c    0x00000000000455c8       0x30 procps/lib.a(nmeter.o)
 .text.put_question_marks
                0x00000000000455f8       0x34 procps/lib.a(nmeter.o)
 .text.get_file
                0x000000000004562c       0xcc procps/lib.a(nmeter.o)
 .text.vrdval   0x00000000000456f8      0x104 procps/lib.a(nmeter.o)
 .text.rdval    0x00000000000457fc       0x30 procps/lib.a(nmeter.o)
 .text.rdval_loadavg
                0x000000000004582c       0x38 procps/lib.a(nmeter.o)
 .text.scale    0x0000000000045864       0x2c procps/lib.a(nmeter.o)
 .text.collect_literal
                0x0000000000045890        0x8 procps/lib.a(nmeter.o)
 .text.init_delay
                0x0000000000045898       0x74 procps/lib.a(nmeter.o)
 .text.init_cr  0x000000000004590c       0x1c procps/lib.a(nmeter.o)
 .text.collect_cpu
                0x0000000000045928      0x2c0 procps/lib.a(nmeter.o)
 .text.init_cpu
                0x0000000000045be8       0x68 procps/lib.a(nmeter.o)
 .text.collect_int
                0x0000000000045c50       0x90 procps/lib.a(nmeter.o)
 .text.init_int
                0x0000000000045ce0       0x58 procps/lib.a(nmeter.o)
 .text.collect_ctx
                0x0000000000045d38       0x90 procps/lib.a(nmeter.o)
 .text.init_ctx
                0x0000000000045dc8       0x20 procps/lib.a(nmeter.o)
 .text.collect_blk
                0x0000000000045de8      0x268 procps/lib.a(nmeter.o)
 .text.init_blk
                0x0000000000046050       0x2c procps/lib.a(nmeter.o)
 .text.collect_thread_nr
                0x000000000004607c       0x4c procps/lib.a(nmeter.o)
 .text.collect_fork
                0x00000000000460c8       0x90 procps/lib.a(nmeter.o)
 .text.init_fork
                0x0000000000046158       0x38 procps/lib.a(nmeter.o)
 .text.collect_if
                0x0000000000046190      0x104 procps/lib.a(nmeter.o)
 .text.init_if  0x0000000000046294       0x74 procps/lib.a(nmeter.o)
 .text.collect_mem
                0x0000000000046308      0x16c procps/lib.a(nmeter.o)
 .text.init_mem
                0x0000000000046474       0x28 procps/lib.a(nmeter.o)
 .text.collect_swp
                0x000000000004649c       0x94 procps/lib.a(nmeter.o)
 .text.init_swp
                0x0000000000046530       0x20 procps/lib.a(nmeter.o)
 .text.collect_fd
                0x0000000000046550       0x64 procps/lib.a(nmeter.o)
 .text.init_fd  0x00000000000465b4       0x20 procps/lib.a(nmeter.o)
 .text.collect_time
                0x00000000000465d4       0xc8 procps/lib.a(nmeter.o)
 .text.init_time
                0x000000000004669c       0x78 procps/lib.a(nmeter.o)
 .text.collect_info
                0x0000000000046714       0x4c procps/lib.a(nmeter.o)
 .text.nmeter_main
                0x0000000000046760      0x3c4 procps/lib.a(nmeter.o)
                0x0000000000046760                nmeter_main
 .text.act      0x0000000000046b24       0x6c procps/lib.a(pgrep.o)
 .text.pgrep_main
                0x0000000000046b90      0x260 procps/lib.a(pgrep.o)
                0x0000000000046b90                pgrep_main
 .text.pidof_main
                0x0000000000046df0      0x164 procps/lib.a(pidof.o)
                0x0000000000046df0                pidof_main
 .text.ps_main  0x0000000000046f54      0x140 procps/lib.a(ps.o)
                0x0000000000046f54                ps_main
 .text.renice_main
                0x0000000000047094      0x1d0 procps/lib.a(renice.o)
                0x0000000000047094                renice_main
 .text.dwrite_str
                0x0000000000047264       0x18 procps/lib.a(sysctl.o)
 .text.sysctl_write_setting
                0x000000000004727c      0x1b0 procps/lib.a(sysctl.o)
 .text.sysctl_read_setting
                0x000000000004742c      0x174 procps/lib.a(sysctl.o)
 .text.sysctl_display_all
                0x00000000000475a0       0xd4 procps/lib.a(sysctl.o)
 .text.sysctl_main
                0x0000000000047674      0x288 procps/lib.a(sysctl.o)
                0x0000000000047674                sysctl_main
 .text.pid_sort
                0x00000000000478fc       0x10 procps/lib.a(top.o)
 .text.mem_sort
                0x000000000004790c       0x28 procps/lib.a(top.o)
 .text.pcpu_sort
                0x0000000000047934       0x10 procps/lib.a(top.o)
 .text.time_sort
                0x0000000000047944       0x28 procps/lib.a(top.o)
 .text.mult_lvl_cmp
                0x000000000004796c       0x4c procps/lib.a(top.o)
 .text.do_stats
                0x00000000000479b8      0x210 procps/lib.a(top.o)
 .text.display_process_list
                0x0000000000047bc8      0x59c procps/lib.a(top.o)
 .text.clearmems
                0x0000000000048164       0x28 procps/lib.a(top.o)
 .text.reset_term
                0x000000000004818c       0x20 procps/lib.a(top.o)
 .text.sig_catcher
                0x00000000000481ac       0x18 procps/lib.a(top.o)
 .text.topmem_sort
                0x00000000000481c4       0x54 procps/lib.a(top.o)
 .text.grab_number
                0x0000000000048218       0x44 procps/lib.a(top.o)
 .text.smart_ulltoa6
                0x000000000004825c      0x2e8 procps/lib.a(top.o)
 .text.display_topmem_process_list
                0x0000000000048544      0x520 procps/lib.a(top.o)
 .text.top_main
                0x0000000000048a64      0x5bc procps/lib.a(top.o)
                0x0000000000048a64                top_main
 .text.uptime_main
                0x0000000000049020      0x190 procps/lib.a(uptime.o)
                0x0000000000049020                uptime_main
 .text.watch_main
                0x00000000000491b0      0x1a8 procps/lib.a(watch.o)
                0x00000000000491b0                watch_main
 .text.suidgid  0x0000000000049358       0x6c runit/lib.a(chpst.o)
 .text.euidgid  0x00000000000493c4       0x6c runit/lib.a(chpst.o)
 .text.edir     0x0000000000049430      0x1ec runit/lib.a(chpst.o)
 .text.limit    0x000000000004961c       0x9c runit/lib.a(chpst.o)
 .text.slimit   0x00000000000496b8      0x108 runit/lib.a(chpst.o)
 .text.chpst_main
                0x00000000000497c0      0x644 runit/lib.a(chpst.o)
                0x00000000000497c0                chpst_main
 .text.gettimeofday_ns
                0x0000000000049e04       0x24 runit/lib.a(runsv.o)
 .text.fatal2_cannot
                0x0000000000049e28       0x24 runit/lib.a(runsv.o)
 .text.fatal_cannot
                0x0000000000049e4c       0x18 runit/lib.a(runsv.o)
 .text.fatal2x_cannot
                0x0000000000049e64       0x24 runit/lib.a(runsv.o)
 .text.warn_cannot
                0x0000000000049e88       0x24 runit/lib.a(runsv.o)
 .text.s_child  0x0000000000049eac       0x24 runit/lib.a(runsv.o)
 .text.s_term   0x0000000000049ed0       0x30 runit/lib.a(runsv.o)
 .text.add_str  0x0000000000049f00       0x30 runit/lib.a(runsv.o)
 .text.open_trunc_or_warn
                0x0000000000049f30       0x38 runit/lib.a(runsv.o)
 .text.rename_or_warn
                0x0000000000049f68       0x44 runit/lib.a(runsv.o)
 .text.update_status
                0x0000000000049fac      0x318 runit/lib.a(runsv.o)
 .text.custom   0x000000000004a2c4      0x16c runit/lib.a(runsv.o)
 .text.stopservice
                0x000000000004a430       0x88 runit/lib.a(runsv.o)
 .text.startservice
                0x000000000004a4b8      0x188 runit/lib.a(runsv.o)
 .text.ctrl     0x000000000004a640      0x24c runit/lib.a(runsv.o)
 .text.runsv_main
                0x000000000004a88c      0x800 runit/lib.a(runsv.o)
                0x000000000004a88c                runsv_main
 .text.fatal2_cannot
                0x000000000004b08c       0x24 runit/lib.a(runsvdir.o)
 .text.warn3x   0x000000000004b0b0       0x30 runit/lib.a(runsvdir.o)
 .text.warn2_cannot
                0x000000000004b0e0       0x24 runit/lib.a(runsvdir.o)
 .text.warnx    0x000000000004b104       0x1c runit/lib.a(runsvdir.o)
 .text.s_term   0x000000000004b120       0x10 runit/lib.a(runsvdir.o)
 .text.s_hangup
                0x000000000004b130       0x10 runit/lib.a(runsvdir.o)
 .text.runsv    0x000000000004b140       0xd0 runit/lib.a(runsvdir.o)
 .text.runsvdir_main
                0x000000000004b210      0x80c runit/lib.a(runsvdir.o)
                0x000000000004b210                runsvdir_main
 .text.fatal_cannot
                0x000000000004ba1c       0x20 runit/lib.a(sv.o)
 .text.out      0x000000000004ba3c       0x64 runit/lib.a(sv.o)
 .text.fail     0x000000000004baa0       0x30 runit/lib.a(sv.o)
 .text.failx    0x000000000004bad0       0x1c runit/lib.a(sv.o)
 .text.warn     0x000000000004baec       0x30 runit/lib.a(sv.o)
 .text.ok       0x000000000004bb1c       0x28 runit/lib.a(sv.o)
 .text.svstatus_get
                0x000000000004bb44      0x100 runit/lib.a(sv.o)
 .text.svstatus_print
                0x000000000004bc44      0x1f0 runit/lib.a(sv.o)
 .text.status   0x000000000004be34       0xb0 runit/lib.a(sv.o)
 .text.checkscript
                0x000000000004bee4      0x100 runit/lib.a(sv.o)
 .text.check    0x000000000004bfe4      0x250 runit/lib.a(sv.o)
 .text.control  0x000000000004c234       0xe4 runit/lib.a(sv.o)
 .text.sv_main  0x000000000004c318      0x650 runit/lib.a(sv.o)
                0x000000000004c318                sv_main
 .text.warn2    0x000000000004c968       0x24 runit/lib.a(svlogd.o)
 .text.warnx    0x000000000004c98c       0x24 runit/lib.a(svlogd.o)
 .text.pause_nomem
                0x000000000004c9b0       0x1c runit/lib.a(svlogd.o)
 .text.pause1cannot
                0x000000000004c9cc       0x20 runit/lib.a(svlogd.o)
 .text.pause2cannot
                0x000000000004c9ec       0x24 runit/lib.a(svlogd.o)
 .text.fmt_time_bernstein_25
                0x000000000004ca10       0x6c runit/lib.a(svlogd.o)
 .text.processorstart
                0x000000000004ca7c      0x1f0 runit/lib.a(svlogd.o)
 .text.processorstop
                0x000000000004cc6c      0x258 runit/lib.a(svlogd.o)
 .text.rmoldest
                0x000000000004cec4      0x1a0 runit/lib.a(svlogd.o)
 .text.rotate   0x000000000004d064      0x2c8 runit/lib.a(svlogd.o)
 .text.buffer_pwrite
                0x000000000004d32c      0x2bc runit/lib.a(svlogd.o)
 .text.logdir_close
                0x000000000004d5e8       0xf0 runit/lib.a(svlogd.o)
 .text.logdirs_reopen
                0x000000000004d6d8      0x6e4 runit/lib.a(svlogd.o)
 .text.buffer_pread
                0x000000000004ddbc      0x344 runit/lib.a(svlogd.o)
 .text.sig_term_handler
                0x000000000004e100       0x40 runit/lib.a(svlogd.o)
 .text.sig_child_handler
                0x000000000004e140       0xb0 runit/lib.a(svlogd.o)
 .text.sig_alarm_handler
                0x000000000004e1f0       0x40 runit/lib.a(svlogd.o)
 .text.sig_hangup_handler
                0x000000000004e230       0x40 runit/lib.a(svlogd.o)
 .text.svlogd_main
                0x000000000004e270      0x7ec runit/lib.a(svlogd.o)
                0x000000000004e270                svlogd_main
 .text.lock_ex  0x000000000004ea5c       0x14 runit/lib.a(runit_lib.o)
                0x000000000004ea5c                lock_ex
 .text.lock_exnb
                0x000000000004ea70       0x14 runit/lib.a(runit_lib.o)
                0x000000000004ea70                lock_exnb
 .text.open_read
                0x000000000004ea84       0x18 runit/lib.a(runit_lib.o)
                0x000000000004ea84                open_read
 .text.open_trunc
                0x000000000004ea9c       0x1c runit/lib.a(runit_lib.o)
                0x000000000004ea9c                open_trunc
 .text.open_write
                0x000000000004eab8       0x18 runit/lib.a(runit_lib.o)
                0x000000000004eab8                open_write
 .text.pmatch   0x000000000004ead0       0xe4 runit/lib.a(runit_lib.o)
                0x000000000004ead0                pmatch
 .text.syntax   0x000000000004ebb4       0x60 shell/lib.a(hush.o)
 .text.add_strings_to_strings
                0x000000000004ec14       0xc0 shell/lib.a(hush.o)
 .text.free_strings
                0x000000000004ecd4       0x4c shell/lib.a(hush.o)
 .text.set_cwd  0x000000000004ed20       0x48 shell/lib.a(hush.o)
 .text.builtin_cd
                0x000000000004ed68       0x7c shell/lib.a(hush.o)
 .text.builtin_exit
                0x000000000004ede4       0x40 shell/lib.a(hush.o)
 .text.builtin_pwd
                0x000000000004ee24       0x1c shell/lib.a(hush.o)
 .text.builtin_shift
                0x000000000004ee40       0x70 shell/lib.a(hush.o)
 .text.builtin_umask
                0x000000000004eeb0       0x7c shell/lib.a(hush.o)
 .text.b_addchr
                0x000000000004ef2c       0x68 shell/lib.a(hush.o)
 .text.b_reset  0x000000000004ef94       0x20 shell/lib.a(hush.o)
 .text.b_addqchr
                0x000000000004efb4       0x58 shell/lib.a(hush.o)
 .text.static_get
                0x000000000004f00c       0x28 shell/lib.a(hush.o)
 .text.static_peek
                0x000000000004f034        0xc shell/lib.a(hush.o)
 .text.file_get
                0x000000000004f040      0x134 shell/lib.a(hush.o)
 .text.file_peek
                0x000000000004f174       0x7c shell/lib.a(hush.o)
 .text.setup_redirects
                0x000000000004f1f0       0xd4 shell/lib.a(hush.o)
 .text.restore_redirects
                0x000000000004f2c4       0x3c shell/lib.a(hush.o)
 .text.checkjobs
                0x000000000004f300      0x13c shell/lib.a(hush.o)
 .text.free_pipe_list
                0x000000000004f43c      0x11c shell/lib.a(hush.o)
 .text.globhack
                0x000000000004f558       0xa0 shell/lib.a(hush.o)
 .text.count_ifs
                0x000000000004f5f8       0x40 shell/lib.a(hush.o)
 .text.expand_on_ifs
                0x000000000004f638       0x84 shell/lib.a(hush.o)
 .text.get_local_var
                0x000000000004f6bc       0x74 shell/lib.a(hush.o)
 .text.lookup_param
                0x000000000004f730       0x30 shell/lib.a(hush.o)
 .text.expand_variables
                0x000000000004f760      0x62c shell/lib.a(hush.o)
 .text.expand_strvec_to_strvec
                0x000000000004fd8c       0x14 shell/lib.a(hush.o)
 .text.expand_string_to_string
                0x000000000004fda0       0x54 shell/lib.a(hush.o)
 .text.builtin_unset
                0x000000000004fdf4       0xc4 shell/lib.a(hush.o)
 .text.set_local_var
                0x000000000004feb8      0x148 shell/lib.a(hush.o)
 .text.builtin_set
                0x0000000000050000       0x50 shell/lib.a(hush.o)
 .text.builtin_read
                0x0000000000050050       0x44 shell/lib.a(hush.o)
 .text.builtin_export
                0x0000000000050094       0x98 shell/lib.a(hush.o)
 .text.is_assignment
                0x000000000005012c       0x64 shell/lib.a(hush.o)
 .text.pseudo_exec_argv
                0x0000000000050190       0xdc shell/lib.a(hush.o)
 .text.run_list_real
                0x000000000005026c      0x6a0 shell/lib.a(hush.o)
 .text.builtin_exec
                0x000000000005090c       0x24 shell/lib.a(hush.o)
 .text.setup_redirect
                0x0000000000050930      0x14c shell/lib.a(hush.o)
 .text.new_pipe
                0x0000000000050a7c       0x14 shell/lib.a(hush.o)
 .text.done_command
                0x0000000000050a90       0x9c shell/lib.a(hush.o)
 .text.initialize_context
                0x0000000000050b2c       0x30 shell/lib.a(hush.o)
 .text.done_pipe
                0x0000000000050b5c       0x4c shell/lib.a(hush.o)
 .text.done_word
                0x0000000000050ba8      0x364 shell/lib.a(hush.o)
 .text.redirect_opt_num
                0x0000000000050f0c       0x78 shell/lib.a(hush.o)
 .text.parse_stream
                0x0000000000050f84      0x6ec shell/lib.a(hush.o)
 .text.set_in_charmap
                0x0000000000051670       0x3c shell/lib.a(hush.o)
 .text.parse_and_run_stream
                0x00000000000516ac      0x1ac shell/lib.a(hush.o)
 .text.parse_and_run_string
                0x0000000000051858       0x44 shell/lib.a(hush.o)
 .text.builtin_eval
                0x000000000005189c       0xc8 shell/lib.a(hush.o)
 .text.parse_and_run_file
                0x0000000000051964       0x44 shell/lib.a(hush.o)
 .text.builtin_source
                0x00000000000519a8       0x70 shell/lib.a(hush.o)
 .text.hush_main
                0x0000000000051a18      0x304 shell/lib.a(hush.o)
                0x0000000000051a18                hush_main
 .text.klogd_signal
                0x0000000000051d1c       0x40 sysklogd/lib.a(klogd.o)
 .text.klogd_main
                0x0000000000051d5c      0x1e8 sysklogd/lib.a(klogd.o)
                0x0000000000051d5c                klogd_main
 .text.decode   0x0000000000051f44       0x58 sysklogd/lib.a(logger.o)
 .text.logger_main
                0x0000000000051f9c      0x248 sysklogd/lib.a(logger.o)
                0x0000000000051f9c                logger_main
 .text.error_exit
                0x00000000000521e4       0x1c sysklogd/lib.a(logread.o)
 .text.sem_up   0x0000000000052200       0x38 sysklogd/lib.a(logread.o)
 .text.interrupted
                0x0000000000052238       0x28 sysklogd/lib.a(logread.o)
 .text.logread_main
                0x0000000000052260      0x220 sysklogd/lib.a(logread.o)
                0x0000000000052260                logread_main
 .text.timestamp_and_log
                0x0000000000052480      0x4f0 sysklogd/lib.a(syslogd.o)
 .text.quit_signal
                0x0000000000052970       0x80 sysklogd/lib.a(syslogd.o)
 .text.syslogd_main
                0x00000000000529f0      0x5c4 sysklogd/lib.a(syslogd.o)
                0x00000000000529f0                syslogd_main
 .text.dmesg_main
                0x0000000000052fb4      0x114 util-linux/lib.a(dmesg.o)
                0x0000000000052fb4                dmesg_main
 .text.fbset_main
                0x00000000000530c8      0x924 util-linux/lib.a(fbset.o)
                0x00000000000530c8                fbset_main
 .text.fdformat_main
                0x00000000000539ec      0x27c util-linux/lib.a(fdformat.o)
                0x00000000000539ec                fdformat_main
 .text.read_line
                0x0000000000053c68       0x98 util-linux/lib.a(fdisk.o)
 .text.str_units
                0x0000000000053d00       0x58 util-linux/lib.a(fdisk.o)
 .text.valid_part_table_flag
                0x0000000000053d58       0x2c util-linux/lib.a(fdisk.o)
 .text.read_nonempty
                0x0000000000053d84       0x2c util-linux/lib.a(fdisk.o)
 .text.read_maybe_empty
                0x0000000000053db0       0x48 util-linux/lib.a(fdisk.o)
 .text.store4_little_endian
                0x0000000000053df8       0x20 util-linux/lib.a(fdisk.o)
 .text.read4_little_endian
                0x0000000000053e18       0x2c util-linux/lib.a(fdisk.o)
 .text.set_start_sect
                0x0000000000053e44       0x14 util-linux/lib.a(fdisk.o)
 .text.get_start_sect
                0x0000000000053e58       0x14 util-linux/lib.a(fdisk.o)
 .text.set_nr_sects
                0x0000000000053e6c       0x14 util-linux/lib.a(fdisk.o)
 .text.get_nr_sects
                0x0000000000053e80       0x14 util-linux/lib.a(fdisk.o)
 .text.fdisk_fatal
                0x0000000000053e94       0x48 util-linux/lib.a(fdisk.o)
 .text.seek_sector
                0x0000000000053edc       0x6c util-linux/lib.a(fdisk.o)